#
# A fatal error has been detected by the Java Runtime Environment:
#
#  EXCEPTION_ACCESS_VIOLATION (0xc0000005) at pc=0x00007fffbc105efd, pid=14900, tid=8588
#
# JRE version: OpenJDK Runtime Environment (26.0.1+8) (build 26.0.1+8-34)
# Java VM: OpenJDK 64-Bit Server VM (26.0.1+8-34, mixed mode, sharing, tiered, compressed oops, compressed class ptrs, g1 gc, windows-amd64)
# Problematic frame:
# C  [atio6axx.dll+0x2435efd]
#
# No core dump will be written. Minidumps are not enabled by default on client versions of Windows
#
# If you would like to submit a bug report, please visit:
#   https://bugreport.java.com/bugreport/crash.jsp
# The crash happened outside the Java Virtual Machine in native code.
# See problematic frame for where to report the bug.
#

---------------  S U M M A R Y ------------

Command Line: -javaagent:C:\Program Files\JetBrains\IntelliJ IDEA 2026.1.4\lib\idea_rt.jar=56539 -Dfile.encoding=UTF-8 -Dsun.stdout.encoding=UTF-8 -Dsun.stderr.encoding=UTF-8 com.szymc.voxel_engine.App

Host: AMD Ryzen 7 7800X3D 8-Core Processor           , 16 cores, 31G,  Windows 11 , 64 bit Build 26100 (10.0.26100.9168)
Time: Sat Aug 15 20:30:59 2026 Eastern Daylight Time elapsed time: 0.472923 seconds (0d 0h 0m 0s)

---------------  T H R E A D  ---------------

Current thread (0x0000020c7e00c960):  JavaThread "main"             [_thread_in_native, id=8588, stack(0x0000001e50500000,0x0000001e50600000) (1024K)]

Stack: [0x0000001e50500000,0x0000001e50600000],  sp=0x0000001e505ff1f8,  free space=1020k
Native frames: (J=compiled Java code, j=interpreted, Vv=VM code, C=native code)
C  [atio6axx.dll+0x2435efd]  (no source info available)
C  [atio6axx.dll+0x66d93a]  (no source info available)
C  [atio6axx.dll+0x663f06]  (no source info available)
C  [atio6axx.dll+0x666612]  (no source info available)
C  0x0000020c1004d5f3  (no source info available)

The last pc belongs to native method entry point (kind = native) (printed below).
Java frames: (J=compiled Java code, j=interpreted, Vv=VM code)
j  org.lwjgl.opengl.GL15C.nglBufferSubData(IJJJ)V+0
j  org.lwjgl.opengl.GL15C.glBufferSubData(IJLjava/nio/FloatBuffer;)V+15
j  org.lwjgl.opengl.GL15.glBufferSubData(IJLjava/nio/FloatBuffer;)V+3
j  com.szymc.voxel_engine.UIRenderer.renderFont(Ljava/lang/String;II)V+357
j  com.szymc.voxel_engine.Engine.render()V+1277
j  com.szymc.voxel_engine.App.main([Ljava/lang/String;)V+567
v  ~StubRoutines::Stub Generator call_stub_stub 0x0000020c100418e2

siginfo: EXCEPTION_ACCESS_VIOLATION (0xc0000005), reading address 0x0000000000000010


Registers:
RAX=0x0000020c38058558, RBX=0x0000000000000000, RCX=0x0000020c38058558, RDX=0x0000000000000010
RSP=0x0000001e505ff1f8, RBP=0x0000020c37e74240, RSI=0x0000020c37d2d080, RDI=0x0000020c38058528
R8 =0x0000000000000480, R9 =0x0000000000000490, R10=0x00007fffb9cd0000, R11=0x000000060dc314f0
R12=0x0000020c38058558, R13=0x0000020c29d6a900, R14=0x0000000000000000, R15=0x0000000000000480
RIP=0x00007fffbc105efd, EFLAGS=0x0000000000010283

XMM[0]=0x2824448948e0468b 0x49f04e8b4d068b45
XMM[1]=0x2824448948e0468b 0x49f04e8b4d068b45
XMM[2]=0x0000000000000000 0x0000000000000000
XMM[3]=0x0000000000000000 0x0000000000000000
XMM[4]=0x0000000000000000 0x0000000000000000
XMM[5]=0xd0468b4928244489 0x48e0468b49f04e8b
XMM[6]=0x0000000000000000 0xbca856a8a5666b49
XMM[7]=0x0000000000000000 0x3e3370e5f7809243
XMM[8]=0x0000000000000000 0x0b3c73a1e1caaeca
XMM[9]=0x0000000000000000 0x483b58ad081b993f
XMM[10]=0x0000000000000000 0x00000000bfe04092
XMM[11]=0x0000000000000000 0xae5eba6db67a53ac
XMM[12]=0x0000000000000000 0x00000000081b993f
XMM[13]=0x0000000000000000 0x0000000000000000
XMM[14]=0x0000000000000000 0x0000000000000000
XMM[15]=0x0000000000000000 0x0000000000000000
  MXCSR=0x00001fa0


Register to memory mapping:

RAX=0x0000020c38058558 points into unknown readable memory: 0x0000000000000000 | 00 00 00 00 00 00 00 00
RBX=0x0 is null
RCX=0x0000020c38058558 points into unknown readable memory: 0x0000000000000000 | 00 00 00 00 00 00 00 00
RDX=0x0000000000000010 is an unknown value
RSP=0x0000001e505ff1f8 is pointing into the stack for thread: 0x0000020c7e00c960
RBP=0x0000020c37e74240 points into unknown readable memory: 0x0000020c38012048 | 48 20 01 38 0c 02 00 00
RSI=0x0000020c37d2d080 points into unknown readable memory: 0x00007fffbcfa94b8 | b8 94 fa bc ff 7f 00 00
RDI=0x0000020c38058528 points into unknown readable memory: 0x0000000000000000 | 00 00 00 00 00 00 00 00
R8 =0x0000000000000480 is an unknown value
R9 =0x0000000000000490 is an unknown value
R10=0x00007fffb9cd0000 atio6axx.dll
R11=0x000000060dc314f0 is an oop: java.lang.Class 
{0x000000060dc314f0} - klass: 'java/lang/Class' - flags: 

 - ---- fields (total size 29 words):
 - private volatile transient 'classRedefinedCount' 'I' @12  0 (0x00000000)
 - injected 'klass' 'J' @16  2315744816 (0x000000008a077630)
 - injected 'array_klass' 'J' @24  0 (0x0000000000000000)
 - injected 'oop_size' 'I' @32  29 (0x0000001d)
 - injected 'static_oop_field_count' 'I' @36  0 (0x00000000)
 - private final transient 'modifiers' 'C' @40    1 (0x0001)
 - private final transient 'classFileAccessFlags' 'C' @42  ! 33 (0x0021)
 - private final transient 'primitive' 'Z' @44  false (0x00)
 - private volatile transient 'cachedConstructor' 'Ljava/lang/reflect/Constructor;' @48  null (0x00000000)
 - private transient 'name' 'Ljava/lang/String;' @52  "org.lwjgl.opengl.GL15C"{0x000000060dc317d0} (0xc1b862fa)
 - private transient 'module' 'Ljava/lang/Module;' @56  a 'java/lang/Module'{0x00000007ff830700} (0xfff060e0)
 - private final 'classLoader' 'Ljava/lang/ClassLoader;' @60  a 'jdk/internal/loader/ClassLoaders$AppClassLoader'{0x00000007ff800000} (0xfff00000)
 - private transient 'classData' 'Ljava/lang/Object;' @64  null (0x00000000)
 - private transient 'signers' '[Ljava/lang/Object;' @68  null (0x00000000)
 - private transient 'packageName' 'Ljava/lang/String;' @72  "org.lwjgl.opengl"{0x000000060dc30998} (0xc1b86133)
 - private final transient 'componentType' 'Ljava/lang/Class;' @76  null (0x00000000)
 - private final transient 'protectionDomain' 'Ljava/security/ProtectionDomain;' @80  a 'java/security/ProtectionDomain'{0x000000060dc309d0} (0xc1b8613a)
 - private volatile transient 'reflectionData' 'Ljava/lang/ref/SoftReference;' @84  null (0x00000000)
 - private volatile transient 'genericInfo' 'Lsun/reflect/generics/repository/ClassRepository;' @88  null (0x00000000)
 - private volatile transient 'enumConstants' '[Ljava/lang/Object;' @92  null (0x00000000)
 - private volatile transient 'enumConstantDirectory' 'Ljava/util/Map;' @96  null (0x00000000)
 - private volatile transient 'annotationData' 'Ljava/lang/Class$AnnotationData;' @100  null (0x00000000)
 - private volatile transient 'annotationType' 'Lsun/reflect/annotation/AnnotationType;' @104  null (0x00000000)
 - transient 'classValueMap' 'Ljava/lang/ClassValue$ClassValueMap;' @108  null (0x00000000)
 - injected 'source_file' 'Ljava/lang/Object;' @112  null (0x00000000)
 - injected '<init_lock>' 'Ljava/lang/Object;' @116  null (0x00000000)
 - signature: Lorg/lwjgl/opengl/GL15C;
 - ---- static fields (0):
 - public static final 'GL_SRC1_ALPHA' 'I' @120  34185 (0x00008589)
 - public static final 'GL_ARRAY_BUFFER' 'I' @124  34962 (0x00008892)
 - public static final 'GL_ELEMENT_ARRAY_BUFFER' 'I' @128  34963 (0x00008893)
 - public static final 'GL_ARRAY_BUFFER_BINDING' 'I' @132  34964 (0x00008894)
 - public static final 'GL_ELEMENT_ARRAY_BUFFER_BINDING' 'I' @136  34965 (0x00008895)
 - public static final 'GL_VERTEX_ATTRIB_ARRAY_BUFFER_BINDING' 'I' @140  34975 (0x0000889f)
 - public static final 'GL_STREAM_DRAW' 'I' @144  35040 (0x000088e0)
 - public static final 'GL_STREAM_READ' 'I' @148  35041 (0x000088e1)
 - public static final 'GL_STREAM_COPY' 'I' @152  35042 (0x000088e2)
 - public static final 'GL_STATIC_DRAW' 'I' @156  35044 (0x000088e4)
 - public static final 'GL_STATIC_READ' 'I' @160  35045 (0x000088e5)
 - public static final 'GL_STATIC_COPY' 'I' @164  35046 (0x000088e6)
 - public static final 'GL_DYNAMIC_DRAW' 'I' @168  35048 (0x000088e8)
 - public static final 'GL_DYNAMIC_READ' 'I' @172  35049 (0x000088e9)
 - public static final 'GL_DYNAMIC_COPY' 'I' @176  35050 (0x000088ea)
 - public static final 'GL_READ_ONLY' 'I' @180  35000 (0x000088b8)
 - public static final 'GL_WRITE_ONLY' 'I' @184  35001 (0x000088b9)
 - public static final 'GL_READ_WRITE' 'I' @188  35002 (0x000088ba)
 - public static final 'GL_BUFFER_SIZE' 'I' @192  34660 (0x00008764)
 - public static final 'GL_BUFFER_USAGE' 'I' @196  34661 (0x00008765)
 - public static final 'GL_BUFFER_ACCESS' 'I' @200  35003 (0x000088bb)
 - public static final 'GL_BUFFER_MAPPED' 'I' @204  35004 (0x000088bc)
 - public static final 'GL_BUFFER_MAP_POINTER' 'I' @208  35005 (0x000088bd)
 - public static final 'GL_SAMPLES_PASSED' 'I' @212  35092 (0x00008914)
 - public static final 'GL_QUERY_COUNTER_BITS' 'I' @216  34916 (0x00008864)
 - public static final 'GL_CURRENT_QUERY' 'I' @220  34917 (0x00008865)
 - public static final 'GL_QUERY_RESULT' 'I' @224  34918 (0x00008866)
 - public static final 'GL_QUERY_RESULT_AVAILABLE' 'I' @228  34919 (0x00008867)
R12=0x0000020c38058558 points into unknown readable memory: 0x0000000000000000 | 00 00 00 00 00 00 00 00
R13=0x0000020c29d6a900 points into unknown readable memory: 0x0000000000000000 | 00 00 00 00 00 00 00 00
R14=0x0 is null
R15=0x0000000000000480 is an unknown value

Top of Stack: (sp=0x0000001e505ff1f8)
0x0000001e505ff1f8:   00007fffba33d93a 0000001e505ff208   :.3......._P....
0x0000001e505ff208:   0000000000000000 0000020c7bbcb370   ........p..{....
0x0000001e505ff218:   0000000000000000 00000000000004b0   ................
0x0000001e505ff228:   0000020c38058528 0000000000000000   (..8............
0x0000001e505ff238:   000000000000000d 0000000000000000   ................
0x0000001e505ff248:   0000020c29d6a9a8 0000000000000000   ...)............
0x0000001e505ff258:   0000000000000480 0000000000000010   ................
0x0000001e505ff268:   0000000000000000 0000000000008892   ................
0x0000001e505ff278:   0000000000000480 0000020c37d2d080   ...........7....
0x0000001e505ff288:   00007fffba333f06 0000020c38058528   .?3.....(..8....
0x0000001e505ff298:   0000020c00008892 0000000000000000   ................
0x0000001e505ff2a8:   0000000000000480 0000000000000010   ................
0x0000001e505ff2b8:   0000000000000000 0000000000000480   ................
0x0000001e505ff2c8:   0000020c37d2d080 0000000000000010   ...7............
0x0000001e505ff2d8:   0000000000000000 0000020c294d0528   ........(.M)....
0x0000001e505ff2e8:   0000020c29d6a9a8 0000020c37d2d080   ...).......7....
0x0000001e505ff2f8:   00007fffba336612 0000000000008892   .f3.............
0x0000001e505ff308:   0000000000000480 0000000000000000   ................
0x0000001e505ff318:   0000000000000480 0000000000000480   ................
0x0000001e505ff328:   0000000000000010 0000020c37d2d080   ...........7....
0x0000001e505ff338:   0000020c7e000000 0000020c294d0528   ...~....(.M)....
0x0000001e505ff348:   0000020c1004d456 0000020c7e00c960   V.......`..~....
0x0000001e505ff358:   0000001e505ff470 0000020c2583caf0   p._P.......%....
0x0000001e505ff368:   0000000000000000 0000000000000138   ........8.......
0x0000001e505ff378:   0000020c1004d5f3 0000020c2583caf0   ...........%....
0x0000001e505ff388:   0000001e505ff420 0000000000000010    ._P............
0x0000001e505ff398:   00007fffe0a8280d 0000000000000480   .(..............
0x0000001e505ff3a8:   0000000000000010 0000001e505ff400   .........._P....
0x0000001e505ff3b8:   0000020c2583caf0 0000000000000010   ...%............
0x0000001e505ff3c8:   0000020c10048f0e 0000020c1004d2cb   ................
0x0000001e505ff3d8:   fffffffffffffff7 0000020c2583caf0   ...........%....
0x0000001e505ff3e8:   000000000000000a 0000020c2584a5a8   ...........%....

Instructions: (pc=0x00007fffbc105efd)
  0x00007fffbc105dfd:   08 66 44 89 40 04 44 88 48 06 c3 4c 8b 02 8b 4a
  0x00007fffbc105e0d:   08 44 0f b7 4a 0c 4c 89 00 89 48 08 66 44 89 48
  0x00007fffbc105e1d:   0c c3 0f b7 0a 44 0f b6 42 02 66 89 08 44 88 40
  0x00007fffbc105e2d:   02 c3 90 4c 8b 02 8b 4a 08 44 0f b6 4a 0c 4c 89
  0x00007fffbc105e3d:   00 89 48 08 44 88 48 0c c3 4c 8b 02 0f b7 4a 08
  0x00007fffbc105e4d:   4c 89 00 66 89 48 08 c3 4c 8b 02 0f b6 4a 08 4c
  0x00007fffbc105e5d:   89 00 88 48 08 c3 4c 8b 02 8b 4a 08 4c 89 00 89
  0x00007fffbc105e6d:   48 08 c3 8b 0a 44 0f b7 42 04 89 08 66 44 89 40
  0x00007fffbc105e7d:   04 c3 8b 0a 44 0f b6 42 04 89 08 44 88 40 04 c3
  0x00007fffbc105e8d:   48 8b 0a 48 89 08 c3 0f b6 0a 88 08 c3 8b 0a 89
  0x00007fffbc105e9d:   08 c3 90 49 83 f8 20 77 17 f3 0f 6f 0a f3 42 0f
  0x00007fffbc105ead:   6f 54 02 f0 f3 0f 7f 09 f3 42 0f 7f 54 01 f0 c3
  0x00007fffbc105ebd:   4e 8d 0c 02 48 3b ca 4c 0f 46 c9 49 3b c9 0f 82
  0x00007fffbc105ecd:   3f 04 00 00 83 3d 38 a4 5f 01 03 0f 82 e2 02 00
  0x00007fffbc105edd:   00 49 81 f8 00 20 00 00 76 16 49 81 f8 00 00 18
  0x00007fffbc105eed:   00 77 0d f6 05 b5 71 77 01 02 0f 85 73 fe ff ff
=>0x00007fffbc105efd:   c5 fe 6f 02 c4 a1 7e 6f 6c 02 e0 49 81 f8 00 01
  0x00007fffbc105f0d:   00 00 0f 86 c3 00 00 00 4c 8b c9 49 83 e1 1f 49
  0x00007fffbc105f1d:   83 e9 20 49 2b c9 49 2b d1 4d 03 c1 49 81 f8 00
  0x00007fffbc105f2d:   01 00 00 0f 86 a2 00 00 00 49 81 f8 00 00 18 00
  0x00007fffbc105f3d:   0f 87 3d 01 00 00 66 66 66 66 66 0f 1f 84 00 00
  0x00007fffbc105f4d:   00 00 00 c5 fe 6f 0a c5 fe 6f 52 20 c5 fe 6f 5a
  0x00007fffbc105f5d:   40 c5 fe 6f 62 60 c5 fd 7f 09 c5 fd 7f 51 20 c5
  0x00007fffbc105f6d:   fd 7f 59 40 c5 fd 7f 61 60 c5 fe 6f 8a 80 00 00
  0x00007fffbc105f7d:   00 c5 fe 6f 92 a0 00 00 00 c5 fe 6f 9a c0 00 00
  0x00007fffbc105f8d:   00 c5 fe 6f a2 e0 00 00 00 c5 fd 7f 89 80 00 00
  0x00007fffbc105f9d:   00 c5 fd 7f 91 a0 00 00 00 c5 fd 7f 99 c0 00 00
  0x00007fffbc105fad:   00 c5 fd 7f a1 e0 00 00 00 48 81 c1 00 01 00 00
  0x00007fffbc105fbd:   48 81 c2 00 01 00 00 49 81 e8 00 01 00 00 49 81
  0x00007fffbc105fcd:   f8 00 01 00 00 0f 83 78 ff ff ff 4d 8d 48 1f 49
  0x00007fffbc105fdd:   83 e1 e0 4d 8b d9 49 c1 eb 05 47 8b 9c 9a 90 b9
  0x00007fffbc105fed:   65 03 4d 03 da 41 ff e3 c4 a1 7e 6f 8c 0a 00 ff


Stack slot to memory mapping:

stack at sp + 0 slots: 0x00007fffba33d93a atio6axx.dll
stack at sp + 1 slots: 0x0000001e505ff208 is pointing into the stack for thread: 0x0000020c7e00c960
stack at sp + 2 slots: 0x0 is null
stack at sp + 3 slots: 0x0000020c7bbcb370 points into unknown readable memory: 0x0000020c7bbc0002 | 02 00 bc 7b 0c 02 00 00
stack at sp + 4 slots: 0x0 is null
stack at sp + 5 slots: 0x00000000000004b0 is an unknown value
stack at sp + 6 slots: 0x0000020c38058528 points into unknown readable memory: 0x0000000000000000 | 00 00 00 00 00 00 00 00
stack at sp + 7 slots: 0x0 is null

Lock stack of current Java thread (top to bottom):

native method entry point (kind = native)  [0x0000020c1004d220, 0x0000020c1004de18]  3064 bytes

Loading hsdis library failed, undisassembled code is shown in MachCode section
[MachCode]
  0x0000020c1004d220: 488b 4b08 | 0fb7 492e | 584c 8d74 | ccf8 6800 | 0000 0068 | 0000 0000 | 5055 488b | ec41 5548 
  0x0000020c1004d240: 8b43 084c | 8d68 3848 | 8b40 0868 | 0000 0000 | 5348 8b50 | 1848 8b52 | 7048 8b12 | 5248 8b53 
  0x0000020c1004d260: 1048 85d2 | 7407 4881 | c2d0 0000 | 0052 488b | 5010 5249 | 8bc6 482b | c548 c1e8 | 0350 6800 
  0x0000020c1004d280: 0000 0068 | f7ff ffff | 41c6 87ca | 0400 0001 | 488b 4310 | 4885 c074 | 208b 8890 | 0000 0083 
  0x0000020c1004d2a0: c102 8988 | 9000 0000 | 2388 a400 | 0000 0f84 | b30a 0000 | e9cf 0000 | 0048 8b43 | 1848 85c0 
  0x0000020c1004d2c0: 0f85 b000 | 0000 e805 | 0000 00e9 | 9900 0000 | 488b d348 | 8d44 2408 | 4c89 6dc0 | 498b cfc5 
  0x0000020c1004d2e0: f877 4989 | af20 0400 | 0049 8987 | 1004 0000 | 4883 ec20 | 40f6 c40f | 0f84 1900 | 0000 4883 
  0x0000020c1004d300: ec08 48b8 | 4074 78e0 | ff7f 0000 | ffd0 4883 | c408 e90c | 0000 0048 | b840 7478 | e0ff 7f00 
  0x0000020c1004d320: 00ff d048 | 83c4 2049 | c787 1004 | 0000 0000 | 0000 49c7 | 8720 0400 | 0000 0000 | 0049 c787 
  0x0000020c1004d340: 1804 0000 | 0000 0000 | c5f8 7749 | 837f 0800 | 0f84 0500 | 0000 e985 | 44ff ff4c | 8b6d c04c 
  0x0000020c1004d360: 8b75 c84e | 8d74 f500 | c348 8b43 | 1848 85c0 | 0f84 1200 | 0000 8b48 | 0883 c102 | 8948 0823 
  0x0000020c1004d380: 482c 0f84 | df09 0000 | 493b a750 | 0500 000f | 8748 0000 | 0089 8424 | 00f0 ffff | 8984 2400 
  0x0000020c1004d3a0: e0ff ff89 | 8424 00d0 | ffff 8984 | 2400 c0ff | ff89 8424 | 00b0 ffff | 8984 2400 | a0ff ff89 
  0x0000020c1004d3c0: 8424 0090 | ffff 8984 | 2400 80ff | ff49 3ba7 | 4805 0000 | 7607 4989 | a750 0500 | 0041 c687 
  0x0000020c1004d3e0: ca04 0000 | 0048 8b5d | e84c 8b5b | 0845 0fb7 | 5b2e 41c1 | e303 492b | e348 83ec | 2048 83e4 
  0x0000020c1004d400: f04c 8b5b | 604d 85db | 0f85 ab00 | 0000 e805 | 0000 00e9 | 9900 0000 | 488b d348 | 8d44 2408 
  0x0000020c1004d420: 4c89 6dc0 | 498b cfc5 | f877 4989 | af20 0400 | 0049 8987 | 1004 0000 | 4883 ec20 | 40f6 c40f 
  0x0000020c1004d440: 0f84 1900 | 0000 4883 | ec08 48b8 | 009e 78e0 | ff7f 0000 | ffd0 4883 | c408 e90c | 0000 0048 
  0x0000020c1004d460: b800 9e78 | e0ff 7f00 | 00ff d048 | 83c4 2049 | c787 1004 | 0000 0000 | 0000 49c7 | 8720 0400 
  0x0000020c1004d480: 0000 0000 | 0049 c787 | 1804 0000 | 0000 0000 | c5f8 7749 | 837f 0800 | 0f84 0500 | 0000 e93d 
  0x0000020c1004d4a0: 43ff ff4c | 8b6d c04c | 8b75 c84e | 8d74 f500 | c348 8b5d | e84c 8b5b | 6041 ffd3 | 488b 5de8 
  0x0000020c1004d4c0: 4889 4518 | 440f b75b | 2c41 f6c3 | 080f 841b | 0000 004c | 8b5b 084d | 8b5b 084d | 8b5b 184d 
  0x0000020c1004d4e0: 8b5b 704d | 8b1b 4c89 | 5d10 488d | 5510 488b | 4358 49ba | 1050 b5e0 | ff7f 0000 | 493b c20f 
  0x0000020c1004d500: 85ab 0000 | 00e8 0500 | 0000 e999 | 0000 0048 | 8bd3 488d | 4424 084c | 896d c049 | 8bcf c5f8 
  0x0000020c1004d520: 7749 89af | 2004 0000 | 4989 8710 | 0400 0048 | 83ec 2040 | f6c4 0f0f | 8419 0000 | 0048 83ec 
  0x0000020c1004d540: 0848 b800 | 9e78 e0ff | 7f00 00ff | d048 83c4 | 08e9 0c00 | 0000 48b8 | 009e 78e0 | ff7f 0000 
  0x0000020c1004d560: ffd0 4883 | c420 49c7 | 8710 0400 | 0000 0000 | 0049 c787 | 2004 0000 | 0000 0000 | 49c7 8718 
  0x0000020c1004d580: 0400 0000 | 0000 00c5 | f877 4983 | 7f08 000f | 8405 0000 | 00e9 4642 | ffff 4c8b | 6dc0 4c8b 
  0x0000020c1004d5a0: 75c8 4e8d | 74f5 00c3 | 488b 5de8 | 488b 4358 | 498d 8f30 | 0400 004c | 8d15 d500 | 0000 4d89 
  0x0000020c1004d5c0: 9718 0400 | 00c5 f877 | 4989 af20 | 0400 0049 | 89a7 1004 | 0000 41c7 | 87ac 0400 | 0004 0000 
  0x0000020c1004d5e0: 0049 3ba7 | a805 0000 | 7607 4989 | a7a8 0500 | 00ff d049 | 3ba7 a805 | 0000 720b | 49c7 87a8 
  0x0000020c1004d600: 0500 0000 | 0000 00c5 | f877 4883 | ec10 c5fb | 1104 2448 | 83ec 1048 | 8904 2448 | c744 2408 
  0x0000020c1004d620: 0000 0000 | 41c7 87ac | 0400 0005 | 0000 00f0 | 8344 24c0 | 0049 3b6f | 280f 870e | 0000 0041 
  0x0000020c1004d640: 83bf a804 | 0000 000f | 8420 0000 | 0049 8bcf | 4c8b e448 | 83ec 2048 | 83e4 f048 | b850 067a 
  0x0000020c1004d660: e0ff 7f00 | 00ff d049 | 8be4 4d33 | e441 c787 | ac04 0000 | 0800 0000 | 4d8b 97c0 | 0500 0049 
  0x0000020c1004d680: 83fa 0074 | 3549 c787 | c005 0000 | 0000 0000 | 41ff e249 | ba60 c104 | 100c 0200 | 0041 ffd2 
  0x0000020c1004d6a0: 4883 ec10 | c5fb 1104 | 2448 83ec | 1048 8904 | 2448 c744 | 2408 0000 | 0000 49c7 | 8710 0400 
  0x0000020c1004d6c0: 0000 0000 | 0049 c787 | 2004 0000 | 0000 0000 | 49c7 8718 | 0400 0000 | 0000 00c5 | f877 4d8b 
  0x0000020c1004d6e0: 9f90 0400 | 0041 c783 | 0001 0000 | 0000 0000 | 49bb 5aaa | 0410 0c02 | 0000 4c3b | 5d18 0f85 
  0x0000020c1004d700: 5602 0000 | 488b 0424 | 4883 c410 | 4885 c00f | 8430 0200 | 00a8 030f | 8508 0000 | 0048 8b00 
  0x0000020c1004d720: e920 0200 | 00a8 010f | 8509 0000 | 0048 8b40 | fee9 0f02 | 0000 488b | 40ff 4180 | 7f48 000f 
  0x0000020c1004d740: 8400 0200 | 0048 85c0 | 0f84 f701 | 0000 4d8b | 5f38 4d85 | db74 1449 | 83eb 084d | 895f 384d 
  0x0000020c1004d760: 035f 4049 | 8903 e9da | 0100 0048 | 81ec f000 | 0000 4889 | 0424 4889 | 4c24 0848 | 8954 2410 
  0x0000020c1004d780: 4c89 4424 | 184c 894c | 2420 4c89 | 5424 284c | 895c 2430 | c5fb 1144 | 2440 c5fb | 114c 2448 
  0x0000020c1004d7a0: c5fb 1154 | 2450 c5fb | 115c 2458 | c5fb 1164 | 2460 c5fb | 116c 2468 | 62e1 ff08 | 1144 240e 
  0x0000020c1004d7c0: 62e1 ff08 | 114c 240f | 62e1 ff08 | 1154 2410 | 62e1 ff08 | 115c 2411 | 62e1 ff08 | 1164 2412 
  0x0000020c1004d7e0: 62e1 ff08 | 116c 2413 | 62e1 ff08 | 1174 2414 | 62e1 ff08 | 117c 2415 | 6261 ff08 | 1144 2416 
  0x0000020c1004d800: 6261 ff08 | 114c 2417 | 6261 ff08 | 1154 2418 | 6261 ff08 | 115c 2419 | 6261 ff08 | 1164 241a 
  0x0000020c1004d820: 6261 ff08 | 116c 241b | 6261 ff08 | 1174 241c | 6261 ff08 | 117c 241d | 498b d748 | 8bc8 4883 
  0x0000020c1004d840: ec20 40f6 | c40f 0f84 | 1900 0000 | 4883 ec08 | 48b8 80ad | 6ce0 ff7f | 0000 ffd0 | 4883 c408 
  0x0000020c1004d860: e90c 0000 | 0048 b880 | ad6c e0ff | 7f00 00ff | d048 83c4 | 2062 61ff | 0810 7c24 | 1d62 61ff 
  0x0000020c1004d880: 0810 7424 | 1c62 61ff | 0810 6c24 | 1b62 61ff | 0810 6424 | 1a62 61ff | 0810 5c24 | 1962 61ff 
  0x0000020c1004d8a0: 0810 5424 | 1862 61ff | 0810 4c24 | 1762 61ff | 0810 4424 | 1662 e1ff | 0810 7c24 | 1562 e1ff 
  0x0000020c1004d8c0: 0810 7424 | 1462 e1ff | 0810 6c24 | 1362 e1ff | 0810 6424 | 1262 e1ff | 0810 5c24 | 1162 e1ff 
  0x0000020c1004d8e0: 0810 5424 | 1062 e1ff | 0810 4c24 | 0f62 e1ff | 0810 4424 | 0ec5 fb10 | 6c24 68c5 | fb10 6424 
  0x0000020c1004d900: 60c5 fb10 | 5c24 58c5 | fb10 5424 | 50c5 fb10 | 4c24 48c5 | fb10 4424 | 404c 8b5c | 2430 4c8b 
  0x0000020c1004d920: 5424 284c | 8b4c 2420 | 4c8b 4424 | 1848 8b54 | 2410 488b | 4c24 0848 | 8b04 2448 | 81c4 f000 
  0x0000020c1004d940: 0000 c5f8 | 7748 8945 | 1048 83ec | 1048 8904 | 2448 c744 | 2408 0000 | 0000 4183 | bf30 0500 
  0x0000020c1004d960: 0002 0f85 | bf00 0000 | 4881 ec80 | 0000 0048 | 8944 2478 | 4889 4c24 | 7048 8954 | 2468 4889 
  0x0000020c1004d980: 5c24 6048 | 896c 2450 | 4889 7424 | 4848 897c | 2440 4c89 | 4424 384c | 894c 2430 | 4c89 5424 
  0x0000020c1004d9a0: 284c 895c | 2420 4c89 | 6424 184c | 896c 2410 | 4c89 7424 | 084c 893c | 244c 8be4 | 4883 ec20 
  0x0000020c1004d9c0: 4883 e4f0 | 48b8 9037 | b5e0 ff7f | 0000 ffd0 | 498b e44c | 8b3c 244c | 8b74 2408 | 4c8b 6c24 
  0x0000020c1004d9e0: 104c 8b64 | 2418 4c8b | 5c24 204c | 8b54 2428 | 4c8b 4c24 | 304c 8b44 | 2438 488b | 7c24 4048 
  0x0000020c1004da00: 8b74 2448 | 488b 6c24 | 5048 8b5c | 2460 488b | 5424 6848 | 8b4c 2470 | 488b 4424 | 7848 81c4 
  0x0000020c1004da20: 8000 0000 | 4d33 e448 | 8b5d e84c | 8b6b 084d | 8d6d 3849 | 837f 0800 | 0f84 bb00 | 0000 e805 
  0x0000020c1004da40: 0000 00e9 | 9600 0000 | 488d 4424 | 084c 896d | c049 8bcf | c5f8 7749 | 89af 2004 | 0000 4989 
  0x0000020c1004da60: 8710 0400 | 0048 83ec | 2040 f6c4 | 0f0f 8419 | 0000 0048 | 83ec 0848 | b830 bc78 | e0ff 7f00 
  0x0000020c1004da80: 00ff d048 | 83c4 08e9 | 0c00 0000 | 48b8 30bc | 78e0 ff7f | 0000 ffd0 | 4883 c420 | 49c7 8710 
  0x0000020c1004daa0: 0400 0000 | 0000 0049 | c787 2004 | 0000 0000 | 0000 49c7 | 8718 0400 | 0000 0000 | 00c5 f877 
  0x0000020c1004dac0: 4983 7f08 | 000f 8405 | 0000 00e9 | 103d ffff | 4c8b 6dc0 | 4c8b 75c8 | 4e8d 74f5 | 00c3 48b9 
  0x0000020c1004dae0: 2872 e0e0 | ff7f 0000 | 4883 e4f0 | 48b8 30e5 | a1e0 ff7f | 0000 ffd0 | f444 0fb7 | 5b2c 41f6 
  0x0000020c1004db00: c320 0f84 | 7201 0000 | 488d 55a8 | 4c8b 5a08 | 4d85 db0f | 85bb 0000 | 00e8 0500 | 0000 e996 
  0x0000020c1004db20: 0000 0048 | 8d44 2408 | 4c89 6dc0 | 498b cfc5 | f877 4989 | af20 0400 | 0049 8987 | 1004 0000 
  0x0000020c1004db40: 4883 ec20 | 40f6 c40f | 0f84 1900 | 0000 4883 | ec08 48b8 | 60bb 78e0 | ff7f 0000 | ffd0 4883 
  0x0000020c1004db60: c408 e90c | 0000 0048 | b860 bb78 | e0ff 7f00 | 00ff d048 | 83c4 2049 | c787 1004 | 0000 0000 
  0x0000020c1004db80: 0000 49c7 | 8720 0400 | 0000 0000 | 0049 c787 | 1804 0000 | 0000 0000 | c5f8 7749 | 837f 0800 
  0x0000020c1004dba0: 0f84 0500 | 0000 e935 | 3cff ff4c | 8b6d c04c | 8b75 c84e | 8d74 f500 | c348 b928 | 72e0 e0ff 
  0x0000020c1004dbc0: 7f00 0048 | 83e4 f048 | b830 e5a1 | e0ff 7f00 | 00ff d0f4 | 4c89 6dc0 | 4c8b 4a08 | 48c7 4208 
  0x0000020c1004dbe0: 0000 0000 | 458b 87c8 | 0600 004f | 3b4c 07f8 | 0f85 4200 | 0000 4183 | afc8 0600 | 0008 4f3b 
  0x0000020c1004dc00: 4c07 f00f | 842a 0000 | 0049 8b01 | a802 0f85 | 1200 0000 | 4c8b c049 | 83c8 01f0 | 4d0f b101 
  0x0000020c1004dc20: 0f84 0d00 | 0000 4183 | 87c8 0600 | 0008 e905 | 0000 00e9 | 3e00 0000 | 4c89 4a08 | 488b ca48 
  0x0000020c1004dc40: 83ec 2040 | f6c4 0f0f | 8419 0000 | 0048 83ec | 0848 b890 | 8d78 e0ff | 7f00 00ff | d048 83c4 
  0x0000020c1004dc60: 08e9 0c00 | 0000 48b8 | 908d 78e0 | ff7f 0000 | ffd0 4883 | c420 4c8b | 6dc0 41c6 | 877e 0300 
  0x0000020c1004dc80: 0001 493b | 6f28 0f87 | 0500 0000 | e9ab 0000 | 0048 83ec | 10c5 fb11 | 0424 4883 | ec10 4889 
  0x0000020c1004dca0: 0424 48c7 | 4424 0800 | 0000 00c5 | f877 4989 | af20 0400 | 0049 baab | dc04 100c | 0200 004d 
  0x0000020c1004dcc0: 8997 1804 | 0000 4989 | a710 0400 | 0049 8bcf | 4883 ec20 | 40f6 c40f | 0f84 1900 | 0000 4883 
  0x0000020c1004dce0: ec08 48b8 | d073 78e0 | ff7f 0000 | ffd0 4883 | c408 e90c | 0000 0048 | b8d0 7378 | e0ff 7f00 
  0x0000020c1004dd00: 00ff d048 | 83c4 2049 | c787 1004 | 0000 0000 | 0000 49c7 | 8720 0400 | 0000 0000 | 0049 c787 
  0x0000020c1004dd20: 1804 0000 | 0000 0000 | c5f8 7748 | 8b04 2448 | 83c4 10c5 | fb10 0424 | 4883 c410 | 488b 0424 
  0x0000020c1004dd40: 4883 c410 | c5fb 1004 | 2448 83c4 | 104c 8b5d | 1841 ffd3 | 4c8b 5df8 | c941 c687 | 7e03 0000 
  0x0000020c1004dd60: 005f 498b | e3ff e7ba | 0000 0000 | e805 0000 | 00e9 9600 | 0000 488d | 4424 084c | 896d c049 
  0x0000020c1004dd80: 8bcf c5f8 | 7749 89af | 2004 0000 | 4989 8710 | 0400 0048 | 83ec 2040 | f6c4 0f0f | 8419 0000 
  0x0000020c1004dda0: 0048 83ec | 0848 b890 | 8378 e0ff | 7f00 00ff | d048 83c4 | 08e9 0c00 | 0000 48b8 | 9083 78e0 
  0x0000020c1004ddc0: ff7f 0000 | ffd0 4883 | c420 49c7 | 8710 0400 | 0000 0000 | 0049 c787 | 2004 0000 | 0000 0000 
  0x0000020c1004dde0: 49c7 8718 | 0400 0000 | 0000 00c5 | f877 4983 | 7f08 000f | 8405 0000 | 00e9 e239 | ffff 4c8b 
  0x0000020c1004de00: 6dc0 4c8b | 75c8 4e8d | 74f5 00c3 | 488b 5de8 | e973 f5ff | ff66 6690 
[/MachCode]

---------------  P R O C E S S  ---------------

Threads class SMR info:
_java_thread_list=0x0000020c29c709b0, length=21, elements={
0x0000020c7e00c960, 0x0000020c23a77a40, 0x0000020c23a781f0, 0x0000020c23a7baf0,
0x0000020c23a7e950, 0x0000020c23a7f630, 0x0000020c23a7dbe0, 0x0000020c23aba1a0,
0x0000020c23abfdc0, 0x0000020c24361a70, 0x0000020c243649a0, 0x0000020c244391d0,
0x0000020c245cb910, 0x0000020c24566440, 0x0000020c24b68e70, 0x0000020c29bfc070,
0x0000020c3c023890, 0x0000020c3c0288e0, 0x0000020c3c0298a0, 0x0000020c3c03dad0,
0x0000020c29f3eb40
}

Java Threads: ( => current thread )
=>0x0000020c7e00c960 JavaThread "main"                              [_thread_in_native, id=8588, stack(0x0000001e50500000,0x0000001e50600000) (1024K)]
  0x0000020c23a77a40 JavaThread "Reference Handler"          daemon [_thread_blocked, id=9260, stack(0x0000001e50e00000,0x0000001e50f00000) (1024K)]
  0x0000020c23a781f0 JavaThread "Finalizer"                  daemon [_thread_blocked, id=16708, stack(0x0000001e50f00000,0x0000001e51000000) (1024K)]
  0x0000020c23a7baf0 JavaThread "Signal Dispatcher"          daemon [_thread_blocked, id=2468, stack(0x0000001e51000000,0x0000001e51100000) (1024K)]
  0x0000020c23a7e950 JavaThread "Attach Listener"            daemon [_thread_blocked, id=10784, stack(0x0000001e51100000,0x0000001e51200000) (1024K)]
  0x0000020c23a7f630 JavaThread "Service Thread"             daemon [_thread_blocked, id=17332, stack(0x0000001e51200000,0x0000001e51300000) (1024K)]
  0x0000020c23a7dbe0 JavaThread "Monitor Deflation Thread"   daemon [_thread_blocked, id=8824, stack(0x0000001e51300000,0x0000001e51400000) (1024K)]
  0x0000020c23aba1a0 JavaThread "C2 CompilerThread0"         daemon [_thread_in_native, id=12292, stack(0x0000001e51400000,0x0000001e51500000) (1024K)]
  0x0000020c23abfdc0 JavaThread "C1 CompilerThread0"         daemon [_thread_blocked, id=2180, stack(0x0000001e51500000,0x0000001e51600000) (1024K)]
  0x0000020c24361a70 JavaThread "C1 CompilerThread1"         daemon [_thread_blocked, id=1728, stack(0x0000001e51600000,0x0000001e51700000) (1024K)]
  0x0000020c243649a0 JavaThread "C1 CompilerThread2"         daemon [_thread_blocked, id=14960, stack(0x0000001e51700000,0x0000001e51800000) (1024K)]
  0x0000020c244391d0 JavaThread "Common-Cleaner"             daemon [_thread_blocked, id=10168, stack(0x0000001e51800000,0x0000001e51900000) (1024K)]
  0x0000020c245cb910 JavaThread "Monitor Ctrl-Break"         daemon [_thread_in_native, id=2208, stack(0x0000001e51b00000,0x0000001e51c00000) (1024K)]
  0x0000020c24566440 JavaThread "Notification Thread"        daemon [_thread_blocked, id=15196, stack(0x0000001e51c00000,0x0000001e51d00000) (1024K)]
  0x0000020c24b68e70 JavaThread "InnocuousThread-1"          daemon [_thread_blocked, id=12812, stack(0x0000001e52000000,0x0000001e52100000) (1024K)]
  0x0000020c29bfc070 JavaThread "C1 CompilerThread3"         daemon [_thread_blocked, id=20700, stack(0x0000001e51900000,0x0000001e51a00000) (1024K)]
  0x0000020c3c023890 JavaThread "pool-1-thread-1"                   [_thread_in_Java, id=15768, stack(0x0000001e53400000,0x0000001e53500000) (1024K)]
  0x0000020c3c0288e0 JavaThread "pool-1-thread-2"                   [_thread_in_Java, id=18692, stack(0x0000001e53500000,0x0000001e53600000) (1024K)]
  0x0000020c3c0298a0 JavaThread "pool-1-thread-3"                   [_thread_in_Java, id=21480, stack(0x0000001e53600000,0x0000001e53700000) (1024K)]
  0x0000020c3c03dad0 JavaThread "C2 CompilerThread1"         daemon [_thread_blocked, id=15400, stack(0x0000001e53700000,0x0000001e53800000) (1024K)]
  0x0000020c29f3eb40 JavaThread "C2 CompilerThread2"         daemon [_thread_blocked, id=856, stack(0x0000001e53800000,0x0000001e53900000) (1024K)]
Total: 21

Other Threads:
  0x0000020c23a6ab80 VMThread "VM Thread"                           [id=20660, stack(0x0000001e50d00000,0x0000001e50e00000) (1024K)]
  0x0000020c23a59630 WatcherThread "VM Periodic Task Thread"        [id=13996, stack(0x0000001e50c00000,0x0000001e50d00000) (1024K)]
  0x0000020c7e07b5e0 WorkerThread "GC Thread#0"                     [id=2072, stack(0x0000001e50600000,0x0000001e50700000) (1024K)]
  0x0000020c245f2520 WorkerThread "GC Thread#1"                     [id=8692, stack(0x0000001e51d00000,0x0000001e51e00000) (1024K)]
  0x0000020c290eea50 WorkerThread "GC Thread#2"                     [id=20492, stack(0x0000001e51a00000,0x0000001e51b00000) (1024K)]
  0x0000020c290ec7d0 WorkerThread "GC Thread#3"                     [id=2244, stack(0x0000001e52800000,0x0000001e52900000) (1024K)]
  0x0000020c290ecc20 WorkerThread "GC Thread#4"                     [id=8744, stack(0x0000001e52900000,0x0000001e52a00000) (1024K)]
  0x0000020c29dd2cc0 WorkerThread "GC Thread#5"                     [id=17348, stack(0x0000001e53900000,0x0000001e53a00000) (1024K)]
  0x0000020c29dd5390 WorkerThread "GC Thread#6"                     [id=2044, stack(0x0000001e53a00000,0x0000001e53b00000) (1024K)]
  0x0000020c29dd6d70 WorkerThread "GC Thread#7"                     [id=6756, stack(0x0000001e53b00000,0x0000001e53c00000) (1024K)]
  0x0000020c7e093d40 ConcurrentGCThread "G1 Main Marker"            [id=11936, stack(0x0000001e50700000,0x0000001e50800000) (1024K)]
  0x0000020c7e095710 WorkerThread "G1 Conc#0"                       [id=11216, stack(0x0000001e50800000,0x0000001e50900000) (1024K)]
  0x0000020c24dd8040 WorkerThread "G1 Conc#1"                       [id=18052, stack(0x0000001e51e00000,0x0000001e51f00000) (1024K)]
  0x0000020c24a872f0 WorkerThread "G1 Conc#2"                       [id=13524, stack(0x0000001e51f00000,0x0000001e52000000) (1024K)]
  0x0000020c7e0ccdd0 WorkerThread "G1 Refinement Workers#0"         [id=18804, stack(0x0000001e50a00000,0x0000001e50b00000) (1024K)]
  0x0000020c7e0cbd50 ConcurrentGCThread "G1 Refine Control"         [id=15732, stack(0x0000001e50900000,0x0000001e50a00000) (1024K)]
  0x0000020c7e0ce600 ConcurrentGCThread "G1 Service"                [id=4152, stack(0x0000001e50b00000,0x0000001e50c00000) (1024K)]
Total: 17

Threads with active compile tasks:
C2 CompilerThread0  569 1540 %     4       com.szymc.voxel_engine.TerrainTask::generateChunk @ 617 (818 bytes)
Total: 1

VM state: not at safepoint (normal execution)

VM Mutex/Monitor currently owned by a thread: None

Heap address: 0x000000060d400000, size: 7980 MB, Compressed Oops mode: Zero based, Oop shift amount: 3

CDS archive(s) mapped at: [0x0000000089000000-0x0000000089de0000-0x0000000089de0000), size 14548992, SharedBaseAddress: 0x0000000089000000, ArchiveRelocationMode: 1.
Compressed class space mapped at: 0x000000008a000000-0x00000000ca000000, reserved size: 1073741824
UseCompressedClassPointers 1, UseCompactObjectHeaders 0
Narrow klass pointer bits 32, Max shift 3
Narrow klass base: 0x0000000089000000, Narrow klass shift: 0
Encoding Range: [0x0000000089000000 - 0x0000000189000000), (4294967296 bytes)
Klass Range:    [0x0000000089000000 - 0x00000000ca000000), (1090519040 bytes)
Klass ID Range:  [8 - 1090519033) (1090519025)
Protection zone: [0x0000000089000000 - 0x0000000089010000), (65536 bytes)

GC Precious Log:
 CardTable entry size: 512
 Card Set container configuration: InlinePtr #cards 4 size 8 Array Of Cards #cards 32 size 80 Howl #buckets 8 coarsen threshold 7372 Howl Bitmap #cards 1024 size 144 coarsen threshold 921 Card regions per heap region 1 cards per card region 8192
 CPUs: 16 total, 16 available
 Memory: 31913M
 Large Page Support: Disabled
 NUMA Support: Disabled
 Compressed Oops: Enabled (Zero based)
 Heap Region Size: 4M
 Heap Min Capacity: 8M
 Heap Initial Capacity: 8M
 Heap Max Capacity: 7980M
 Pre-touch: Disabled
 Parallel Workers: 13
 Concurrent Workers: 3
 Concurrent Refinement Workers: 13
 Periodic GC: Disabled

Heap:
 garbage-first heap   total reserved 8171520K, committed 28672K, used 5307K [0x000000060d400000, 0x0000000800000000)
  region size 4M, 1 eden (4M), 1 survivor (4M), 1 old (4M), 0 humongous (0M), 4 free (16M)

Heap Regions: E=young(eden), S=young(survivor), O=old, HS=humongous(starts), HC=humongous(continues), CS=collection set, F=free, TAMS=top-at-mark-start, PB=parsable bottom
|    0|0x000000060d400000, 0x000000060d400000, 0x000000060d800000|  0%| F|  |TAMS 0x000000060d400000| PB 0x000000060d400000| Untracked |  0
|    1|0x000000060d800000, 0x000000060d9dc218, 0x000000060dc00000| 46%| S|CS|TAMS 0x000000060d800000| PB 0x000000060d800000| Complete  |  0
|    2|0x000000060dc00000, 0x000000060dc00000, 0x000000060e000000|  0%| F|  |TAMS 0x000000060dc00000| PB 0x000000060dc00000| Untracked |  0
|    3|0x000000060e000000, 0x000000060e000000, 0x000000060e400000|  0%| F|  |TAMS 0x000000060e000000| PB 0x000000060e000000| Untracked |  0
|    4|0x000000060e400000, 0x000000060e400000, 0x000000060e800000|  0%| F|  |TAMS 0x000000060e400000| PB 0x000000060e400000| Untracked |  0
| 1993|0x00000007ff800000, 0x00000007ffb52c28, 0x00000007ffc00000| 83%| O|  |TAMS 0x00000007ff800000| PB 0x00000007ff800000| Untracked |  0
| 1994|0x00000007ffc00000, 0x00000007ffcbc498, 0x0000000800000000| 18%| E|CS|TAMS 0x00000007ffc00000| PB 0x00000007ffc00000| Complete  |  0

Card table byte_map: [0x0000020c17bf0000,0x0000020c18b90000] _byte_map_base: 0x0000020c14b86000
Refinement table byte_map: [0x0000020c18b90000,0x0000020c19b30000] _byte_map_base: 0x0000020c15b26000

Marking Bits: (CMBitMap*) 0x0000020c7e07bd60
 Bits: [0x0000020c19b30000, 0x0000020c217e0000)

Polling page: 0x0000020c7c000000

Metaspace:
Metaspace        used 9675K, committed 9920K, reserved 1114112K
 class space     used 602K, committed 704K, reserved 1048576K

Usage:
  Non-class:      8.86 MB used.
      Class:    602.86 KB used.
       Both:      9.45 MB used.

Virtual space:
  Non-class space:       64.00 MB reserved,       9.00 MB ( 14%) committed,  1 nodes.
      Class space:        1.00 GB reserved,     704.00 KB ( <1%) committed,  1 nodes.
             Both:        1.06 GB reserved,       9.69 MB ( <1%) committed. 

Chunk freelists:
   Non-Class:  5.61 MB
       Class:  15.33 MB
        Both:  20.94 MB

MaxMetaspaceSize: unlimited
CompressedClassSpaceSize: 1.00 GB
Initial GC threshold: 21.00 MB
Current GC threshold: 21.00 MB
CDS: on
 - commit_granule_bytes: 65536.
 - commit_granule_words: 8192.
 - virtual_space_node_default_size: 8388608.
 - enlarge_chunks_in_place: 1.
UseCompressedClassPointers 1, UseCompactObjectHeaders 0
Narrow klass pointer bits 32, Max shift 3
Narrow klass base: 0x0000000089000000, Narrow klass shift: 0
Encoding Range: [0x0000000089000000 - 0x0000000189000000), (4294967296 bytes)
Klass Range:    [0x0000000089000000 - 0x00000000ca000000), (1090519040 bytes)
Klass ID Range:  [8 - 1090519033) (1090519025)
Protection zone: [0x0000000089000000 - 0x0000000089010000), (65536 bytes)


Internal statistics:

num_allocs_failed_limit: 0.
num_arena_births: 104.
num_arena_deaths: 0.
num_vsnodes_births: 2.
num_vsnodes_deaths: 0.
num_space_committed: 154.
num_space_uncommitted: 0.
num_chunks_returned_to_freelist: 0.
num_chunks_taken_from_freelist: 386.
num_chunk_merges: 0.
num_chunk_splits: 290.
num_chunks_enlarged: 227.
num_inconsistent_stats: 0.

CodeHeap 'non-profiled nmethods': size=119168Kb used=450Kb max_used=450Kb free=118717Kb
 bounds [0x0000020c10790000, 0x0000020c10a00000, 0x0000020c17bf0000]
CodeHeap 'profiled nmethods': size=119168Kb used=2074Kb max_used=2074Kb free=117093Kb
 bounds [0x0000020c08be0000, 0x0000020c08e50000, 0x0000020c10040000]
CodeHeap 'non-nmethods': size=7488Kb used=4125Kb max_used=4161Kb free=3362Kb
 bounds [0x0000020c10040000, 0x0000020c10460000, 0x0000020c10790000]
CodeCache: size=245824Kb, used=6649Kb, max_used=6685Kb, free=239172Kb
 total_blobs=2808, nmethods=1539, adapters=1171, full_count=0
Compilation: enabled, stopped_count=0, restarted_count=0

Compilation events (20 events):
Event: 0.465 Thread 0x0000020c24361a70 nmethod 1464 0x0000020c08dcee88 code [0x0000020c08dcef80, 0x0000020c08dcf0b8]
Event: 0.465 Thread 0x0000020c24361a70 1465       3       com.szymc.voxel_engine.World::getKeyX (7 bytes)
Event: 0.465 Thread 0x0000020c29bfc070 nmethod 1463 0x0000020c08dcf188 code [0x0000020c08dcf280, 0x0000020c08dcf3b8]
Event: 0.465 Thread 0x0000020c29bfc070 1466       3       com.szymc.voxel_engine.World::getKeyZ (6 bytes)
Event: 0.465 Thread 0x0000020c243649a0 nmethod 1460 0x0000020c08dcf488 code [0x0000020c08dcf580, 0x0000020c08dcf930]
Event: 0.465 Thread 0x0000020c3c03dad0 1467       4       com.szymc.voxel_engine.TerrainTask::getBiomeType (342 bytes)
Event: 0.465 Thread 0x0000020c24361a70 nmethod 1465 0x0000020c08dcf988 code [0x0000020c08dcfa80, 0x0000020c08dcfb88]
Event: 0.465 Thread 0x0000020c29bfc070 nmethod 1466 0x0000020c08dcfc88 code [0x0000020c08dcfd80, 0x0000020c08dcfe88]
Event: 0.465 Thread 0x0000020c23abfdc0 nmethod 1461 0x0000020c08dcff88 code [0x0000020c08dd0080, 0x0000020c08dd06f0]
Event: 0.466 Thread 0x0000020c23abfdc0 1468   !   3       jdk.internal.loader.Resource::getBytes (170 bytes)
Event: 0.466 Thread 0x0000020c23abfdc0 nmethod 1468 0x0000020c08dd0708 code [0x0000020c08dd0800, 0x0000020c08dd14c8]
Event: 0.466 Thread 0x0000020c23aba1a0 nmethod 1456 0x0000020c107e5308 code [0x0000020c107e5420, 0x0000020c107e5748]
Event: 0.467 Thread 0x0000020c23abfdc0 1469   !   3       java.util.jar.JarFile::getManifestFromReference (197 bytes)
Event: 0.467 Thread 0x0000020c23abfdc0 nmethod 1469 0x0000020c08dd1508 code [0x0000020c08dd1600, 0x0000020c08dd2c38]
Event: 0.468 Thread 0x0000020c24361a70 1471       3       sun.misc.Unsafe::getFloat (12 bytes)
Event: 0.468 Thread 0x0000020c29bfc070 1472       3       it.unimi.dsi.fastutil.floats.FloatArrayList::add (55 bytes)
Event: 0.468 Thread 0x0000020c243649a0 1473       3       it.unimi.dsi.fastutil.floats.FloatArrayList::grow (103 bytes)
Event: 0.468 Thread 0x0000020c24361a70 nmethod 1471 0x0000020c08dd2c88 code [0x0000020c08dd2d80, 0x0000020c08dd2ff8]
Event: 0.468 Thread 0x0000020c29bfc070 nmethod 1472 0x0000020c08dd3008 code [0x0000020c08dd3100, 0x0000020c08dd32a8]
Event: 0.468 Thread 0x0000020c243649a0 nmethod 1473 0x0000020c08dd3308 code [0x0000020c08dd3400, 0x0000020c08dd3850]

GC Heap Usage History (10 events):
Event: 0.056 {heap Before GC invocations=0 (full 0):
 garbage-first heap   total reserved 8171520K, committed 12288K, used 1183K [0x000000060d400000, 0x0000000800000000)
  region size 4M, 1 eden (4M), 0 survivor (0M), 1 old (4M), 0 humongous (0M), 1 free (4M)
}
Event: 0.057 {heap After GC invocations=1 (full 0):
 garbage-first heap   total reserved 8171520K, committed 12288K, used 3810K [0x000000060d400000, 0x0000000800000000)
  region size 4M, 0 eden (0M), 1 survivor (4M), 1 old (4M), 0 humongous (0M), 1 free (4M)
}
Event: 0.118 {heap Before GC invocations=1 (full 0):
 garbage-first heap   total reserved 8171520K, committed 12288K, used 3810K [0x000000060d400000, 0x0000000800000000)
  region size 4M, 1 eden (4M), 1 survivor (4M), 1 old (4M), 0 humongous (0M), 0 free (0M)
}
Event: 0.119 {heap After GC invocations=2 (full 0):
 garbage-first heap   total reserved 8171520K, committed 20480K, used 3894K [0x000000060d400000, 0x0000000800000000)
  region size 4M, 0 eden (0M), 1 survivor (4M), 2 old (8M), 0 humongous (0M), 2 free (8M)
}
Event: 0.293 {heap Before GC invocations=3 (full 0):
 garbage-first heap   total reserved 8171520K, committed 20480K, used 7990K [0x000000060d400000, 0x0000000800000000)
  region size 4M, 1 eden (4M), 1 survivor (4M), 2 old (8M), 0 humongous (0M), 1 free (4M)
}
Event: 0.294 {heap After GC invocations=4 (full 0):
 garbage-first heap   total reserved 8171520K, committed 20480K, used 4487K [0x000000060d400000, 0x0000000800000000)
  region size 4M, 0 eden (0M), 1 survivor (4M), 2 old (8M), 0 humongous (0M), 2 free (8M)
}
Event: 0.369 {heap Before GC invocations=4 (full 0):
 garbage-first heap   total reserved 8171520K, committed 20480K, used 8583K [0x000000060d400000, 0x0000000800000000)
  region size 4M, 1 eden (4M), 1 survivor (4M), 2 old (8M), 0 humongous (0M), 1 free (4M)
}
Event: 0.371 {heap After GC invocations=5 (full 0):
 garbage-first heap   total reserved 8171520K, committed 20480K, used 4660K [0x000000060d400000, 0x0000000800000000)
  region size 4M, 0 eden (0M), 1 survivor (4M), 1 old (4M), 0 humongous (0M), 3 free (12M)
}
Event: 0.423 {heap Before GC invocations=5 (full 0):
 garbage-first heap   total reserved 8171520K, committed 20480K, used 4660K [0x000000060d400000, 0x0000000800000000)
  region size 4M, 1 eden (4M), 1 survivor (4M), 1 old (4M), 0 humongous (0M), 2 free (8M)
}
Event: 0.424 {heap After GC invocations=6 (full 0):
 garbage-first heap   total reserved 8171520K, committed 20480K, used 4654K [0x000000060d400000, 0x0000000800000000)
  region size 4M, 0 eden (0M), 1 survivor (4M), 1 old (4M), 0 humongous (0M), 3 free (12M)
}

Metaspace Usage History (10 events):
Event: 0.056 {metaspace Before GC invocations=0 (full 0):
 Metaspace       used 707K, committed 896K, reserved 1114112K
  class space    used 30K, committed 128K, reserved 1048576K
}
Event: 0.057 {metaspace After GC invocations=1 (full 0):
 Metaspace       used 707K, committed 896K, reserved 1114112K
  class space    used 30K, committed 128K, reserved 1048576K
}
Event: 0.118 {metaspace Before GC invocations=1 (full 0):
 Metaspace       used 3436K, committed 3584K, reserved 1114112K
  class space    used 177K, committed 256K, reserved 1048576K
}
Event: 0.119 {metaspace After GC invocations=2 (full 0):
 Metaspace       used 3436K, committed 3584K, reserved 1114112K
  class space    used 177K, committed 256K, reserved 1048576K
}
Event: 0.293 {metaspace Before GC invocations=3 (full 0):
 Metaspace       used 5541K, committed 5696K, reserved 1114112K
  class space    used 305K, committed 384K, reserved 1048576K
}
Event: 0.294 {metaspace After GC invocations=4 (full 0):
 Metaspace       used 5541K, committed 5696K, reserved 1114112K
  class space    used 305K, committed 384K, reserved 1048576K
}
Event: 0.369 {metaspace Before GC invocations=4 (full 0):
 Metaspace       used 7714K, committed 7872K, reserved 1114112K
  class space    used 409K, committed 448K, reserved 1048576K
}
Event: 0.371 {metaspace After GC invocations=5 (full 0):
 Metaspace       used 7714K, committed 7872K, reserved 1114112K
  class space    used 409K, committed 448K, reserved 1048576K
}
Event: 0.423 {metaspace Before GC invocations=5 (full 0):
 Metaspace       used 8662K, committed 8896K, reserved 1114112K
  class space    used 516K, committed 640K, reserved 1048576K
}
Event: 0.424 {metaspace After GC invocations=6 (full 0):
 Metaspace       used 8662K, committed 8896K, reserved 1114112K
  class space    used 516K, committed 640K, reserved 1048576K
}

Dll operation events (20 events):
Event: 0.034 Attempting to load shared library C:\Users\Tommy\.jdks\openjdk-26.0.1\bin\instrument.dll
Event: 0.034 Loaded shared library C:\Users\Tommy\.jdks\openjdk-26.0.1\bin\instrument.dll
Event: 0.035 Attempting to load shared library C:\Users\Tommy\.jdks\openjdk-26.0.1\bin\net.dll
Event: 0.036 Loaded shared library C:\Users\Tommy\.jdks\openjdk-26.0.1\bin\net.dll
Event: 0.036 Attempting to load shared library C:\Users\Tommy\.jdks\openjdk-26.0.1\bin\nio.dll
Event: 0.037 Loaded shared library C:\Users\Tommy\.jdks\openjdk-26.0.1\bin\nio.dll
Event: 0.039 Attempting to load shared library C:\Users\Tommy\.jdks\openjdk-26.0.1\bin\zip.dll
Event: 0.039 Loaded shared library C:\Users\Tommy\.jdks\openjdk-26.0.1\bin\zip.dll
Event: 0.054 Attempting to load shared library C:\Users\Tommy\.jdks\openjdk-26.0.1\bin\verify.dll
Event: 0.054 Loaded shared library C:\Users\Tommy\.jdks\openjdk-26.0.1\bin\verify.dll
Event: 0.059 Attempting to load shared library C:\Users\Tommy\.jdks\openjdk-26.0.1\bin\extnet.dll
Event: 0.059 Loaded shared library C:\Users\Tommy\.jdks\openjdk-26.0.1\bin\extnet.dll
Event: 0.069 Attempting to load shared library C:\Users\Tommy\.jdks\openjdk-26.0.1\bin\jimage.dll
Event: 0.069 Loaded shared library C:\Users\Tommy\.jdks\openjdk-26.0.1\bin\jimage.dll
Event: 0.136 Attempting to load shared library C:\Users\Tommy\AppData\Local\Temp\lwjgl_Tommy\3.3.4+7\x64\lwjgl.dll
Event: 0.136 Loaded shared library C:\Users\Tommy\AppData\Local\Temp\lwjgl_Tommy\3.3.4+7\x64\lwjgl.dll
Event: 0.273 Attempting to load shared library C:\Users\Tommy\AppData\Local\Temp\lwjgl_Tommy\3.3.4+7\x64\lwjgl_opengl.dll
Event: 0.274 Loaded shared library C:\Users\Tommy\AppData\Local\Temp\lwjgl_Tommy\3.3.4+7\x64\lwjgl_opengl.dll
Event: 0.374 Attempting to load shared library C:\Users\Tommy\AppData\Local\Temp\lwjgl_Tommy\3.3.4+7\x64\lwjgl_stb.dll
Event: 0.375 Loaded shared library C:\Users\Tommy\AppData\Local\Temp\lwjgl_Tommy\3.3.4+7\x64\lwjgl_stb.dll

Deoptimization events (20 events):
Event: 0.380 Thread 0x0000020c7e00c960 DEOPT PACKING pc=0x0000020c08c21b99 sp=0x0000001e505fefa0
Event: 0.380 Thread 0x0000020c7e00c960 DEOPT UNPACKING pc=0x0000020c100915a2 sp=0x0000001e505fe3f0 mode 0
Event: 0.381 Thread 0x0000020c7e00c960 Uncommon trap: trap_request=0xffffff66 fr.pc=0x0000020c107d1dec relative=0x00000000000003ec
Event: 0.381 Thread 0x0000020c7e00c960 Uncommon trap: reason=loop_limit_check action=maybe_recompile pc=0x0000020c107d1dec method=java.lang.StringLatin1.indexOf([BI[BII)I @ 37 c2
Event: 0.381 Thread 0x0000020c7e00c960 DEOPT PACKING pc=0x0000020c107d1dec sp=0x0000001e505fef80
Event: 0.381 Thread 0x0000020c7e00c960 DEOPT UNPACKING pc=0x0000020c10173f82 sp=0x0000001e505feee0 mode 2
Event: 0.394 Thread 0x0000020c7e00c960 Uncommon trap: trap_request=0xffffff45 fr.pc=0x0000020c107ada34 relative=0x0000000000000334
Event: 0.394 Thread 0x0000020c7e00c960 Uncommon trap: reason=unstable_if action=reinterpret pc=0x0000020c107ada34 method=java.util.regex.Pattern$BmpCharPropertyGreedy.match(Ljava/util/regex/Matcher;ILjava/lang/CharSequence;)Z @ 12 c2
Event: 0.394 Thread 0x0000020c7e00c960 DEOPT PACKING pc=0x0000020c107ada34 sp=0x0000001e505fe220
Event: 0.394 Thread 0x0000020c7e00c960 DEOPT UNPACKING pc=0x0000020c10173f82 sp=0x0000001e505fe1d8 mode 2
Event: 0.413 Thread 0x0000020c7e00c960 Uncommon trap: trap_request=0xffffffc6 fr.pc=0x0000020c107d6704 relative=0x0000000000000304
Event: 0.413 Thread 0x0000020c7e00c960 Uncommon trap: reason=bimorphic_or_optimized_type_check action=maybe_recompile pc=0x0000020c107d6704 method=java.util.HashMap.getNode(Ljava/lang/Object;)Ljava/util/HashMap$Node; @ 128 c2
Event: 0.413 Thread 0x0000020c7e00c960 DEOPT PACKING pc=0x0000020c107d6704 sp=0x0000001e505ff1c0
Event: 0.413 Thread 0x0000020c7e00c960 DEOPT UNPACKING pc=0x0000020c10173f82 sp=0x0000001e505ff128 mode 2
Event: 0.421 Thread 0x0000020c7e00c960 DEOPT PACKING pc=0x0000020c08c22228 sp=0x0000001e505fe630
Event: 0.421 Thread 0x0000020c7e00c960 DEOPT UNPACKING pc=0x0000020c100915a2 sp=0x0000001e505fdaa0 mode 0
Event: 0.439 Thread 0x0000020c7e00c960 Uncommon trap: trap_request=0xffffff4c fr.pc=0x0000020c107dab58 relative=0x0000000000000058
Event: 0.439 Thread 0x0000020c7e00c960 Uncommon trap: reason=speculate_null_assert action=make_not_entrant pc=0x0000020c107dab58 method=sun.misc.Unsafe.getLong(Ljava/lang/Object;J)J @ 8 c2
Event: 0.439 Thread 0x0000020c7e00c960 DEOPT PACKING pc=0x0000020c107dab58 sp=0x0000001e505ff2a0
Event: 0.439 Thread 0x0000020c7e00c960 DEOPT UNPACKING pc=0x0000020c10173f82 sp=0x0000001e505ff228 mode 2

Classes loaded (20 events):
Event: 0.416 Loading class java/util/ConcurrentModificationException
Event: 0.416 Loading class java/util/ConcurrentModificationException done
Event: 0.435 Loading class java/util/Spliterator$OfInt
Event: 0.435 Loading class java/util/Spliterator$OfPrimitive
Event: 0.435 Loading class java/util/Spliterator$OfPrimitive done
Event: 0.435 Loading class java/util/Spliterator$OfInt done
Event: 0.435 Loading class java/util/function/IntUnaryOperator
Event: 0.435 Loading class java/util/function/IntUnaryOperator done
Event: 0.435 Loading class java/util/PrimitiveIterator$OfInt
Event: 0.435 Loading class java/util/PrimitiveIterator
Event: 0.435 Loading class java/util/PrimitiveIterator done
Event: 0.435 Loading class java/util/PrimitiveIterator$OfInt done
Event: 0.437 Loading class java/util/concurrent/RecursiveAction
Event: 0.437 Loading class java/util/concurrent/RecursiveAction done
Event: 0.461 Loading class java/util/concurrent/ThreadPoolExecutor$Worker
Event: 0.461 Loading class java/util/concurrent/ThreadPoolExecutor$Worker done
Event: 0.467 Loading class java/util/Spliterator$OfDouble
Event: 0.467 Loading class java/util/Spliterator$OfDouble done
Event: 0.468 Loading class java/nio/HeapFloatBuffer
Event: 0.468 Loading class java/nio/HeapFloatBuffer done

Classes unloaded (0 events):
No events

Classes redefined (0 events):
No events

Internal exceptions (20 events):
Event: 0.158 Thread 0x0000020c7e00c960 Exception <a 'java/lang/NoSuchMethodError'{0x000000060da052d0}: 'int java.lang.invoke.DirectMethodHandle$Holder.invokeStaticInit(java.lang.Object, java.lang.Object, int, long)'> (0x000000060da052d0) 
thrown [s\open\src\hotspot\share\interpreter\linkResolver.cpp, line 804]
Event: 0.158 Thread 0x0000020c7e00c960 Exception <a 'java/lang/NoSuchMethodError'{0x000000060da143d8}: 'java.lang.Object java.lang.invoke.DirectMethodHandle$Holder.newInvokeSpecial(java.lang.Object, java.lang.Object, int)'> (0x000000060da143d8) 
thrown [s\open\src\hotspot\share\interpreter\linkResolver.cpp, line 804]
Event: 0.159 Thread 0x0000020c7e00c960 Exception <a 'java/lang/NoSuchMethodError'{0x000000060da2ae50}: 'int java.lang.invoke.DirectMethodHandle$Holder.invokeStaticInit(java.lang.Object, java.lang.Object, long, long)'> (0x000000060da2ae50) 
thrown [s\open\src\hotspot\share\interpreter\linkResolver.cpp, line 804]
Event: 0.159 Thread 0x0000020c7e00c960 Exception <a 'java/lang/NoSuchMethodError'{0x000000060da3a888}: 'java.lang.Object java.lang.invoke.DirectMethodHandle$Holder.newInvokeSpecial(java.lang.Object, java.lang.Object, long)'> (0x000000060da3a888) 
thrown [s\open\src\hotspot\share\interpreter\linkResolver.cpp, line 804]
Event: 0.160 Thread 0x0000020c7e00c960 Exception <a 'java/lang/NoSuchMethodError'{0x000000060da435f8}: 'java.lang.Object java.lang.invoke.Invokers$Holder.linkToTargetMethod(java.lang.Object, long, java.lang.Object)'> (0x000000060da435f8) 
thrown [s\open\src\hotspot\share\interpreter\linkResolver.cpp, line 804]
Event: 0.160 Thread 0x0000020c7e00c960 Exception <a 'java/lang/NoSuchMethodError'{0x000000060da53ec8}: 'int java.lang.invoke.DirectMethodHandle$Holder.invokeStaticInit(java.lang.Object, java.lang.Object, java.lang.Object, long)'> (0x000000060da53ec8) 
thrown [s\open\src\hotspot\share\interpreter\linkResolver.cpp, line 804]
Event: 0.270 Thread 0x0000020c7e00c960 Exception <a 'java/lang/NoSuchMethodError'{0x000000060dad9a00}: 'void java.lang.System.load(java.lang.String, java.lang.Class)'> (0x000000060dad9a00) 
thrown [s\open\src\hotspot\share\interpreter\linkResolver.cpp, line 804]
Event: 0.270 Thread 0x0000020c7e00c960 Exception <a 'java/lang/NoSuchMethodError'{0x000000060dae17e0}: 'void java.lang.System.loadLibrary(java.lang.String, java.lang.Class)'> (0x000000060dae17e0) 
thrown [s\open\src\hotspot\share\interpreter\linkResolver.cpp, line 804]
Event: 0.273 Thread 0x0000020c7e00c960 Exception <a 'sun/nio/fs/WindowsException'{0x000000060daf5e38}> (0x000000060daf5e38) 
thrown [s\open\src\hotspot\share\prims\jni.cpp, line 514]
Event: 0.273 Thread 0x0000020c7e00c960 Exception <a 'sun/nio/fs/WindowsException'{0x000000060daf61d8}> (0x000000060daf61d8) 
thrown [s\open\src\hotspot\share\prims\jni.cpp, line 514]
Event: 0.275 Thread 0x0000020c7e00c960 Exception <a 'sun/nio/fs/WindowsException'{0x000000060daffa70}> (0x000000060daffa70) 
thrown [s\open\src\hotspot\share\prims\jni.cpp, line 514]
Event: 0.275 Thread 0x0000020c7e00c960 Exception <a 'sun/nio/fs/WindowsException'{0x000000060daffd40}> (0x000000060daffd40) 
thrown [s\open\src\hotspot\share\prims\jni.cpp, line 514]
Event: 0.359 Thread 0x0000020c7e00c960 Exception <a 'java/lang/NoSuchMethodError'{0x000000060de9c270}: 'void java.lang.invoke.DirectMethodHandle$Holder.invokeVirtual(java.lang.Object, java.lang.Object)'> (0x000000060de9c270) 
thrown [s\open\src\hotspot\share\interpreter\linkResolver.cpp, line 804]
Event: 0.361 Thread 0x0000020c7e00c960 Exception <a 'java/lang/NoSuchMethodError'{0x000000060dee4580}: 'void java.lang.invoke.DirectMethodHandle$Holder.invokeInterface(java.lang.Object, java.lang.Object, java.lang.Object)'> (0x000000060dee4580) 
thrown [s\open\src\hotspot\share\interpreter\linkResolver.cpp, line 804]
Event: 0.371 Thread 0x0000020c7e00c960 Exception <a 'java/lang/NoSuchMethodError'{0x00000007ffc00580}: 'void java.lang.System.load(java.lang.String, java.lang.Class)'> (0x00000007ffc00580) 
thrown [s\open\src\hotspot\share\interpreter\linkResolver.cpp, line 804]
Event: 0.371 Thread 0x0000020c7e00c960 Exception <a 'java/lang/NoSuchMethodError'{0x00000007ffc08360}: 'void java.lang.System.loadLibrary(java.lang.String, java.lang.Class)'> (0x00000007ffc08360) 
thrown [s\open\src\hotspot\share\interpreter\linkResolver.cpp, line 804]
Event: 0.374 Thread 0x0000020c7e00c960 Exception <a 'sun/nio/fs/WindowsException'{0x00000007ffc1cc18}> (0x00000007ffc1cc18) 
thrown [s\open\src\hotspot\share\prims\jni.cpp, line 514]
Event: 0.374 Thread 0x0000020c7e00c960 Exception <a 'sun/nio/fs/WindowsException'{0x00000007ffc1cf98}> (0x00000007ffc1cf98) 
thrown [s\open\src\hotspot\share\prims\jni.cpp, line 514]
Event: 0.456 Thread 0x0000020c7e00c960 Exception <a 'java/lang/NoSuchMethodError'{0x00000007ffe42e78}: 'java.lang.Object java.lang.invoke.DirectMethodHandle$Holder.newInvokeSpecial(java.lang.Object, java.lang.Object, java.lang.Object, java.lang.Object, java.lang.Object)'> (0x00000007ffe42e78) 
thrown [s\open\src\hotspot\share\interpreter\linkResolver.cpp, line 804]
Event: 0.460 Thread 0x0000020c7e00c960 Exception <a 'java/lang/NoSuchMethodError'{0x00000007ffe78958}: 'java.lang.Object java.lang.invoke.DirectMethodHandle$Holder.newInvokeSpecial(java.lang.Object, java.lang.Object, java.lang.Object, int, int)'> (0x00000007ffe78958) 
thrown [s\open\src\hotspot\share\interpreter\linkResolver.cpp, line 804]

VM Operations (20 events):
Event: 0.026 Executing non-safepoint VM operation: HandshakeAllThreads (Deoptimize)
Event: 0.026 Executing non-safepoint VM operation: HandshakeAllThreads (Deoptimize) done
Event: 0.056 Executing safepoint VM operation: G1CollectForAllocation (G1 Evacuation Pause)
Event: 0.057 Executing safepoint VM operation: G1CollectForAllocation (G1 Evacuation Pause) done
Event: 0.072 Executing non-safepoint VM operation: HandshakeAllThreads (Deoptimize)
Event: 0.072 Executing non-safepoint VM operation: HandshakeAllThreads (Deoptimize) done
Event: 0.118 Executing safepoint VM operation: G1CollectForAllocation (G1 Evacuation Pause)
Event: 0.119 Executing safepoint VM operation: G1CollectForAllocation (G1 Evacuation Pause) done
Event: 0.121 Executing safepoint VM operation: G1PauseRemark
Event: 0.121 Executing safepoint VM operation: G1PauseRemark done
Event: 0.121 Executing safepoint VM operation: G1PauseCleanup
Event: 0.121 Executing safepoint VM operation: G1PauseCleanup done
Event: 0.133 Executing non-safepoint VM operation: HandshakeAllThreads (Deoptimize)
Event: 0.133 Executing non-safepoint VM operation: HandshakeAllThreads (Deoptimize) done
Event: 0.293 Executing safepoint VM operation: G1CollectForAllocation (G1 Evacuation Pause)
Event: 0.294 Executing safepoint VM operation: G1CollectForAllocation (G1 Evacuation Pause) done
Event: 0.369 Executing safepoint VM operation: G1CollectForAllocation (G1 Evacuation Pause)
Event: 0.371 Executing safepoint VM operation: G1CollectForAllocation (G1 Evacuation Pause) done
Event: 0.423 Executing safepoint VM operation: G1CollectForAllocation (G1 Evacuation Pause)
Event: 0.424 Executing safepoint VM operation: G1CollectForAllocation (G1 Evacuation Pause) done

Memory protections (0 events):
No events

Nmethod flushes (0 events):
No events

Events (20 events):
Event: 0.015 Thread 0x0000020c7e00c960 Thread added: 0x0000020c23a7e950
Event: 0.015 Thread 0x0000020c7e00c960 Thread added: 0x0000020c23a7f630
Event: 0.015 Thread 0x0000020c7e00c960 Thread added: 0x0000020c23a7dbe0
Event: 0.015 Thread 0x0000020c7e00c960 Thread added: 0x0000020c23aba1a0
Event: 0.015 Thread 0x0000020c7e00c960 Thread added: 0x0000020c23abfdc0
Event: 0.026 Thread 0x0000020c23abfdc0 Thread added: 0x0000020c24361a70
Event: 0.027 Thread 0x0000020c24361a70 Thread added: 0x0000020c243649a0
Event: 0.035 Thread 0x0000020c7e00c960 Thread added: 0x0000020c244391d0
Event: 0.044 Thread 0x0000020c23aba1a0 Thread added: 0x0000020c24473160
Event: 0.044 Thread 0x0000020c23aba1a0 Thread added: 0x0000020c244cc800
Event: 0.052 Thread 0x0000020c7e00c960 Thread added: 0x0000020c245cb910
Event: 0.052 Thread 0x0000020c7e00c960 Thread added: 0x0000020c24566440
Event: 0.157 Thread 0x0000020c7e00c960 Thread added: 0x0000020c24b68e70
Event: 0.269 Thread 0x0000020c24473160 Thread exited: 0x0000020c24473160
Event: 0.269 Thread 0x0000020c244cc800 Thread exited: 0x0000020c244cc800
Event: 0.275 Thread 0x0000020c23aba1a0 Thread added: 0x0000020c29bfc070
Event: 0.461 Thread 0x0000020c7e00c960 Thread added: 0x0000020c3c023890
Event: 0.461 Thread 0x0000020c7e00c960 Thread added: 0x0000020c3c0288e0
Event: 0.461 Thread 0x0000020c7e00c960 Thread added: 0x0000020c3c0298a0
Event: 0.463 Thread 0x0000020c23aba1a0 Thread added: 0x0000020c3c03dad0


Dynamic libraries:
0x00007ff761790000 - 0x00007ff76179e000 	C:\Users\Tommy\.jdks\openjdk-26.0.1\bin\java.exe
0x00007ff855e00000 - 0x00007ff856066000 	C:\WINDOWS\SYSTEM32\ntdll.dll
0x00007ff854c10000 - 0x00007ff854cd9000 	C:\WINDOWS\System32\KERNEL32.DLL
0x00007ff853010000 - 0x00007ff85340f000 	C:\WINDOWS\System32\KERNELBASE.dll
0x00007ff8539d0000 - 0x00007ff853b1c000 	C:\WINDOWS\System32\ucrtbase.dll
0x00007ff84ddf0000 - 0x00007ff84de07000 	C:\Users\Tommy\.jdks\openjdk-26.0.1\bin\jli.dll
0x00007ff84dd50000 - 0x00007ff84dd6e000 	C:\Users\Tommy\.jdks\openjdk-26.0.1\bin\VCRUNTIME140.dll
0x00007ff855890000 - 0x00007ff855a56000 	C:\WINDOWS\System32\USER32.dll
0x00007ff8539a0000 - 0x00007ff8539c7000 	C:\WINDOWS\System32\win32u.dll
0x00007ff82c210000 - 0x00007ff82c4a1000 	C:\WINDOWS\WinSxS\amd64_microsoft.windows.common-controls_6595b64144ccf1df_6.0.26100.8972_none_3e0da176e32f9d4b\COMCTL32.dll
0x00007ff855bb0000 - 0x00007ff855bdb000 	C:\WINDOWS\System32\GDI32.dll
0x00007ff854ce0000 - 0x00007ff854d89000 	C:\WINDOWS\System32\msvcrt.dll
0x00007ff853870000 - 0x00007ff853999000 	C:\WINDOWS\System32\gdi32full.dll
0x00007ff8534b0000 - 0x00007ff853553000 	C:\WINDOWS\System32\msvcp_win.dll
0x00007ff854b20000 - 0x00007ff854b52000 	C:\WINDOWS\System32\IMM32.DLL
0x00007ff84dc20000 - 0x00007ff84dc2c000 	C:\Users\Tommy\.jdks\openjdk-26.0.1\bin\vcruntime140_1.dll
0x00007ff83df90000 - 0x00007ff83e01d000 	C:\Users\Tommy\.jdks\openjdk-26.0.1\bin\msvcp140.dll
0x00007fffe0300000 - 0x00007fffe11ce000 	C:\Users\Tommy\.jdks\openjdk-26.0.1\bin\server\jvm.dll
0x00007ff854850000 - 0x00007ff85490c000 	C:\WINDOWS\System32\ADVAPI32.dll
0x00007ff854b60000 - 0x00007ff854c0a000 	C:\WINDOWS\System32\sechost.dll
0x00007ff853ec0000 - 0x00007ff853fd8000 	C:\WINDOWS\System32\RPCRT4.dll
0x00007ff855420000 - 0x00007ff8554a2000 	C:\WINDOWS\System32\WS2_32.dll
0x00007ff852cb0000 - 0x00007ff852d0e000 	C:\WINDOWS\SYSTEM32\POWRPROF.dll
0x00007ff84b810000 - 0x00007ff84b81b000 	C:\WINDOWS\SYSTEM32\VERSION.dll
0x00007ff844360000 - 0x00007ff844396000 	C:\WINDOWS\SYSTEM32\WINMM.dll
0x00007ff852c90000 - 0x00007ff852ca5000 	C:\WINDOWS\SYSTEM32\UMPDC.dll
0x00007ff851ce0000 - 0x00007ff851cfb000 	C:\WINDOWS\SYSTEM32\kernel.appcore.dll
0x00007ff84dc10000 - 0x00007ff84dc1a000 	C:\Users\Tommy\.jdks\openjdk-26.0.1\bin\jimage.dll
0x00007ff8497d0000 - 0x00007ff849a12000 	C:\WINDOWS\SYSTEM32\DBGHELP.DLL
0x00007ff8554b0000 - 0x00007ff855835000 	C:\WINDOWS\System32\combase.dll
0x00007ff853bd0000 - 0x00007ff853ca9000 	C:\WINDOWS\System32\OLEAUT32.dll
0x00007ff83a530000 - 0x00007ff83a56b000 	C:\WINDOWS\SYSTEM32\dbgcore.DLL
0x00007ff8537b0000 - 0x00007ff85385c000 	C:\WINDOWS\System32\bcryptPrimitives.dll
0x00007ff840050000 - 0x00007ff840060000 	C:\Users\Tommy\.jdks\openjdk-26.0.1\bin\instrument.dll
0x00007ff84bb40000 - 0x00007ff84bb5f000 	C:\Users\Tommy\.jdks\openjdk-26.0.1\bin\java.dll
0x00007ff855280000 - 0x00007ff855419000 	C:\WINDOWS\System32\ole32.dll
0x00007ff854040000 - 0x00007ff8547c8000 	C:\WINDOWS\System32\SHELL32.dll
0x00007ff850aa0000 - 0x00007ff85133b000 	C:\WINDOWS\SYSTEM32\windows.storage.dll
0x00007ff854920000 - 0x00007ff854a19000 	C:\WINDOWS\System32\SHCORE.dll
0x00007ff853b30000 - 0x00007ff853b96000 	C:\WINDOWS\System32\shlwapi.dll
0x00007ff852f30000 - 0x00007ff852f59000 	C:\WINDOWS\SYSTEM32\profapi.dll
0x00007ff83eaf0000 - 0x00007ff83eb07000 	C:\Users\Tommy\.jdks\openjdk-26.0.1\bin\zip.dll
0x00007ff83ec80000 - 0x00007ff83ec92000 	C:\Users\Tommy\.jdks\openjdk-26.0.1\bin\net.dll
0x00007ff8522b0000 - 0x00007ff85231c000 	C:\WINDOWS\system32\mswsock.dll
0x00007ff83ec60000 - 0x00007ff83ec76000 	C:\Users\Tommy\.jdks\openjdk-26.0.1\bin\nio.dll
0x00007ff840040000 - 0x00007ff840050000 	C:\Users\Tommy\.jdks\openjdk-26.0.1\bin\verify.dll
0x00007ff83eae0000 - 0x00007ff83eae9000 	C:\Users\Tommy\.jdks\openjdk-26.0.1\bin\extnet.dll
0x00007fffa5000000 - 0x00007fffa507b000 	C:\Users\Tommy\AppData\Local\Temp\lwjgl_Tommy\3.3.4+7\x64\lwjgl.dll
0x00007fffa4f70000 - 0x00007fffa4ff5000 	C:\Users\Tommy\AppData\Local\Temp\lwjgl_Tommy\3.3.4+7\x64\glfw.dll
0x00007ff804300000 - 0x00007ff80434b000 	C:\WINDOWS\SYSTEM32\dinput8.dll
0x00007ff83c580000 - 0x00007ff83c59b000 	C:\WINDOWS\SYSTEM32\xinput1_4.dll
0x00007ff852ba0000 - 0x00007ff852bcf000 	C:\WINDOWS\SYSTEM32\DEVOBJ.dll
0x00007ff852be0000 - 0x00007ff852c32000 	C:\WINDOWS\SYSTEM32\cfgmgr32.dll
0x00007ff8503d0000 - 0x00007ff8503ff000 	C:\WINDOWS\SYSTEM32\dwmapi.dll
0x00007ff83d190000 - 0x00007ff83d373000 	C:\WINDOWS\SYSTEM32\inputhost.dll
0x00007ff84fc10000 - 0x00007ff84fd3b000 	C:\WINDOWS\SYSTEM32\CoreMessaging.dll
0x00007ff850140000 - 0x00007ff8501e8000 	C:\WINDOWS\system32\uxtheme.dll
0x00007ff853d50000 - 0x00007ff853ead000 	C:\WINDOWS\System32\MSCTF.dll
0x00007ff8525c0000 - 0x00007ff8525cc000 	C:\WINDOWS\SYSTEM32\CRYPTBASE.DLL
0x00007ff833300000 - 0x00007ff83340c000 	C:\WINDOWS\SYSTEM32\opengl32.dll
0x00007ff834d70000 - 0x00007ff834d9d000 	C:\WINDOWS\SYSTEM32\GLU32.dll
0x00007ff850220000 - 0x00007ff850265000 	C:\WINDOWS\SYSTEM32\dxcore.dll
0x00007ff83dc10000 - 0x00007ff83dc2f000 	C:\WINDOWS\SYSTEM32\windows.staterepositorycore.dll
0x00007ff834d40000 - 0x00007ff834d6b000 	C:\WINDOWS\System32\DriverStore\FileRepository\u0202643.inf_amd64_8835e06f359414be\B026283\atig6pxx.dll
0x00007fffb9cd0000 - 0x00007fffbdbe7000 	C:\WINDOWS\System32\DriverStore\FileRepository\amdogl.inf_amd64_00269a9ad4aab4f6\atio6axx.dll
0x00007ff854df0000 - 0x00007ff855277000 	C:\WINDOWS\System32\SETUPAPI.dll
0x00007ff853420000 - 0x00007ff8534a3000 	C:\WINDOWS\System32\WINTRUST.dll
0x00007ff853560000 - 0x00007ff8536de000 	C:\WINDOWS\System32\CRYPT32.dll
0x00007ff852620000 - 0x00007ff852633000 	C:\WINDOWS\SYSTEM32\MSASN1.dll
0x00007ff852f00000 - 0x00007ff852f2a000 	C:\WINDOWS\SYSTEM32\BCrypt.dll
0x00007ff83d000000 - 0x00007ff83d03e000 	C:\WINDOWS\System32\DriverStore\FileRepository\u0202643.inf_amd64_8835e06f359414be\B026283\amdihk64.dll
0x00007fffdc770000 - 0x00007fffdc7d1000 	C:\Users\Tommy\AppData\Local\Temp\lwjgl_Tommy\3.3.4+7\x64\lwjgl_opengl.dll
0x00007ff831b30000 - 0x00007ff831c76000 	C:\WINDOWS\SYSTEM32\textinputframework.dll
0x00007ff84c180000 - 0x00007ff84c464000 	C:\WINDOWS\SYSTEM32\CoreUIComponents.dll
0x00007ff84cd40000 - 0x00007ff84ceaa000 	C:\WINDOWS\SYSTEM32\wintypes.dll
0x00007fffa4ed0000 - 0x00007fffa4f70000 	C:\Users\Tommy\AppData\Local\Temp\lwjgl_Tommy\3.3.4+7\x64\lwjgl_stb.dll

JVMTI agents:
C:\Program Files\JetBrains\IntelliJ IDEA 2026.1.4\lib\idea_rt.jar path:C:\Users\Tommy\.jdks\openjdk-26.0.1\bin\instrument.dll, loaded, initialized, instrumentlib options:56539

dbghelp: loaded successfully - version: 4.0.5 - missing functions: none
symbol engine: initialized successfully - sym options: 0x614 - pdb path: .;C:\Users\Tommy\.jdks\openjdk-26.0.1\bin;C:\WINDOWS\SYSTEM32;C:\WINDOWS\WinSxS\amd64_microsoft.windows.common-controls_6595b64144ccf1df_6.0.26100.8972_none_3e0da176e32f9d4b;C:\Users\Tommy\.jdks\openjdk-26.0.1\bin\server;C:\Users\Tommy\AppData\Local\Temp\lwjgl_Tommy\3.3.4+7\x64;C:\WINDOWS\System32\DriverStore\FileRepository\u0202643.inf_amd64_8835e06f359414be\B026283;C:\WINDOWS\System32\DriverStore\FileRepository\amdogl.inf_amd64_00269a9ad4aab4f6

VM Arguments:
jvm_args: -javaagent:C:\Program Files\JetBrains\IntelliJ IDEA 2026.1.4\lib\idea_rt.jar=56539 -Dfile.encoding=UTF-8 -Dsun.stdout.encoding=UTF-8 -Dsun.stderr.encoding=UTF-8 
java_command: com.szymc.voxel_engine.App
java_class_path (initial): C:\Users\Tommy\IdeaProjects\voxel-engine\target\classes;C:\Users\Tommy\.m2\repository\org\lwjgl\lwjgl\3.3.4\lwjgl-3.3.4.jar;C:\Users\Tommy\.m2\repository\org\lwjgl\lwjgl\3.3.4\lwjgl-3.3.4-natives-windows.jar;C:\Users\Tommy\.m2\repository\org\lwjgl\lwjgl-glfw\3.3.4\lwjgl-glfw-3.3.4.jar;C:\Users\Tommy\.m2\repository\org\lwjgl\lwjgl-glfw\3.3.4\lwjgl-glfw-3.3.4-natives-windows.jar;C:\Users\Tommy\.m2\repository\org\lwjgl\lwjgl-opengl\3.3.4\lwjgl-opengl-3.3.4.jar;C:\Users\Tommy\.m2\repository\org\lwjgl\lwjgl-opengl\3.3.4\lwjgl-opengl-3.3.4-natives-windows.jar;C:\Users\Tommy\.m2\repository\org\joml\joml\1.10.5\joml-1.10.5.jar;C:\Users\Tommy\.m2\repository\org\lwjgl\lwjgl-stb\3.3.4\lwjgl-stb-3.3.4.jar;C:\Users\Tommy\.m2\repository\org\lwjgl\lwjgl-stb\3.3.4\lwjgl-stb-3.3.4-natives-windows.jar;C:\Users\Tommy\.m2\repository\it\unimi\dsi\fastutil\8.5.18\fastutil-8.5.18.jar;C:\Users\Tommy\.m2\repository\com\google\code\gson\gson\2.11.0\gson-2.11.0.jar;C:\Users\Tommy\.m2\repository\com\google\errorprone\error_prone_annotations\2.27.0\error_prone_annotations-2.27.0.jar
Launcher Type: SUN_STANDARD

[Global flags]
     bool AOTAdapterCaching                        = false                                  {diagnostic} {ergonomic}
     bool AOTInvokeDynamicLinking                  = false                                  {diagnostic} {ergonomic}
     bool AOTRecordTraining                        = false                                  {diagnostic} {ergonomic}
     bool AOTReplayTraining                        = false                                  {diagnostic} {ergonomic}
     bool AOTStubCaching                           = false                                  {diagnostic} {ergonomic}
     intx CICompilerCount                          = 12                                        {product} {ergonomic}
     uint ConcGCThreads                            = 3                                         {product} {ergonomic}
     uint G1ConcRefinementThreads                  = 13                                        {product} {ergonomic}
     uint G1EagerReclaimRemSetThreshold            = 32                                   {experimental} {ergonomic}
   size_t G1HeapRegionSize                         = 4194304                                   {product} {ergonomic}
     uint G1RemSetArrayOfCardsEntries              = 32                                   {experimental} {ergonomic}
     uint G1RemSetHowlMaxNumBuckets                = 8                                    {experimental} {ergonomic}
     uint G1RemSetHowlNumBuckets                   = 8                                    {experimental} {ergonomic}
   size_t InitialHeapSize                          = 8388608                                   {product} {ergonomic}
     bool IntelJccErratumMitigation                = false                             {ARCH diagnostic} {ergonomic}
   size_t MarkStackSize                            = 4194304                                   {product} {ergonomic}
   size_t MarkStackSizeMax                         = 536870912                                 {product} {ergonomic}
   size_t MaxHeapSize                              = 8367636480                                {product} {ergonomic}
   size_t MaxNewSize                               = 5020581888                                {product} {ergonomic}
 uint64_t MaxRAM                                   = 33463398400                               {product} {ergonomic}
   size_t MinHeapDeltaBytes                        = 4194304                                   {product} {ergonomic}
   size_t MinHeapSize                              = 8388608                                   {product} {ergonomic}
   size_t NonNMethodCodeHeapSize                   = 7667712                                {pd product} {ergonomic}
   size_t NonProfiledCodeHeapSize                  = 122028032                              {pd product} {ergonomic}
   size_t ProfiledCodeHeapSize                     = 122028032                              {pd product} {ergonomic}
   size_t ReservedCodeCacheSize                    = 251723776                              {pd product} {ergonomic}
     bool SegmentedCodeCache                       = true                                      {product} {ergonomic}
   size_t SoftMaxHeapSize                          = 8367636480                             {manageable} {ergonomic}
     bool UseCompressedOops                        = true                           {product lp64_product} {ergonomic}
     bool UseCondCardMark                          = true                                      {product} {ergonomic}
     bool UseFastUnorderedTimeStamps               = true                                 {experimental} {ergonomic}
     bool UseG1GC                                  = true                                      {product} {ergonomic}
     bool UseLargePagesIndividualAllocation        = false                                  {pd product} {ergonomic}
      int X86ICacheSync                            = 3                                 {ARCH diagnostic} {ergonomic}

Logging:
Log output configuration:
 #0: stdout all=warning uptime,level,tags foldmultilines=false
 #1: stderr all=off uptime,level,tags foldmultilines=false

Release file:
IMPLEMENTOR="Oracle Corporation" 
JAVA_RUNTIME_VERSION="26.0.1+8-34" 
JAVA_VERSION="26.0.1" 
JAVA_VERSION_DATE="2026-04-21" 
LIBC="default" 
MODULES="java.base java.compiler java.datatransfer java.xml java.prefs java.desktop java.instrument java.logging java.management java.security.sasl java.naming java.rmi java.management.rmi java.net.http java.scripting java.security.jgss java.transaction.xa java.sql java.sql.rowset java.xml.crypto java.se java.smartcardio jdk.accessibility jdk.internal.jvmstat jdk.attach jdk.charsets jdk.internal.opt jdk.zipfs jdk.compiler jdk.crypto.cryptoki jdk.crypto.ec jdk.crypto.mscapi jdk.dynalink jdk.internal.ed jdk.editpad jdk.internal.vm.ci jdk.graal.compiler jdk.graal.compiler.management jdk.hotspot.agent jdk.httpserver jdk.incubator.vector jdk.internal.le jdk.internal.md jdk.jartool jdk.javadoc jdk.jcmd jdk.management jdk.management.agent jdk.jconsole jdk.jdeps jdk.jdwp.agent jdk.jdi jdk.jfr jdk.jlink jdk.jpackage jdk.jshell jdk.jstatd jdk.localedata jdk.management.jfr jdk.naming.dns jdk.naming.rmi jdk.net jdk.nio.mapmode jdk.sctp jdk.security.auth jdk.security.jgss jdk.unsupported jdk.unsupported.desktop jdk.xml.dom" 
OS_ARCH="x86_64" 
OS_NAME="Windows" 
SOURCE=".:git:fcc00fc4aee7" 

Environment Variables:
PATH=C:\WINDOWS\system32;C:\WINDOWS;C:\WINDOWS\System32\Wbem;C:\WINDOWS\System32\WindowsPowerShell\v1.0\;C:\WINDOWS\System32\OpenSSH\;C:\Program Files\dotnet\;C:\Program Files\Git\cmd;C:\Users\Tommy\AppData\Local\Microsoft\WindowsApps;C:\Program Files\JetBrains\IntelliJ IDEA 2026.1.4\bin
USERNAME=Tommy
OS=Windows_NT
PROCESSOR_IDENTIFIER=AMD64 Family 25 Model 97 Stepping 2, AuthenticAMD
TMP=C:\Users\Tommy\AppData\Local\Temp
TEMP=C:\Users\Tommy\AppData\Local\Temp




Compilation memory statistics disabled.

Periodic native trim disabled

---------------  S Y S T E M  ---------------

OS:
 Windows 11 , 64 bit Build 26100 (10.0.26100.9168)
OS uptime: 1 days 7:55 hours
Hyper-V role detected

CPU: total 16 (initial active 16) (8 cores per cpu, 2 threads per core) family 25 model 97 stepping 2 microcode 0xa60120c, cx8, cmov, fxsr, ht, mmx, 3dnowpref, sse, sse2, sse3, ssse3, sse4a, sse4.1, sse4.2, popcnt, lzcnt, tsc, tscinvbit, avx, avx2, aes, erms, clmul, bmi1, bmi2, adx, avx512f, avx512dq, avx512cd, avx512bw, avx512vl, sha, fma, vzeroupper, avx512_vpopcntdq, avx512_vpclmulqdq, avx512_vaes, avx512_vnni, clflush, clflushopt, clwb, avx512_vbmi2, avx512_vbmi, hv, rdtscp, rdpid, fsrm, gfni, avx512_bitalg, f16c, cet_ss, avx512_ifma
Processor Information for the first 16 processors :
  Max Mhz: 4201, Current Mhz: 4201, Mhz Limit: 4201

Memory: 4k page, system-wide physical 31913M (17258M free)
TotalPageFile size 37801M (AvailPageFile size 18933M)
current process WorkingSet (physical memory assigned to process): 183M, peak: 183M
current process commit charge ("private bytes"): 495M, peak: 501M

vm_info: OpenJDK 64-Bit Server VM (26.0.1+8-34) for windows-amd64 JRE (26.0.1+8-34), built on 2026-03-10T17:24:10Z with MS VC++ 17.13 (VS2022)

END.
