#
# A fatal error has been detected by the Java Runtime Environment:
#
#  EXCEPTION_ACCESS_VIOLATION (0xc0000005) at pc=0x00007fffbc105efd, pid=20992, tid=18384
#
# JRE version: OpenJDK Runtime Environment (26.0.1+8) (build 26.0.1+8-34)
# Java VM: OpenJDK 64-Bit Server VM (26.0.1+8-34, mixed mode, sharing, tiered, compressed oops, compressed class ptrs, g1 gc, windows-amd64)
# Problematic frame:
# C  [atio6axx.dll+0x2435efd]
#
# No core dump will be written. Minidumps are not enabled by default on client versions of Windows
#
# If you would like to submit a bug report, please visit:
#   https://bugreport.java.com/bugreport/crash.jsp
# The crash happened outside the Java Virtual Machine in native code.
# See problematic frame for where to report the bug.
#

---------------  S U M M A R Y ------------

Command Line: -javaagent:C:\Program Files\JetBrains\IntelliJ IDEA 2026.1.4\lib\idea_rt.jar=56438 -Dfile.encoding=UTF-8 -Dsun.stdout.encoding=UTF-8 -Dsun.stderr.encoding=UTF-8 com.szymc.voxel_engine.App

Host: AMD Ryzen 7 7800X3D 8-Core Processor           , 16 cores, 31G,  Windows 11 , 64 bit Build 26100 (10.0.26100.9168)
Time: Sat Aug 15 20:26:43 2026 Eastern Daylight Time elapsed time: 0.480961 seconds (0d 0h 0m 0s)

---------------  T H R E A D  ---------------

Current thread (0x000001d661715a20):  JavaThread "main"             [_thread_in_native, id=18384, stack(0x000000069dc00000,0x000000069dd00000) (1024K)]

Stack: [0x000000069dc00000,0x000000069dd00000],  sp=0x000000069dcff0b8,  free space=1020k
Native frames: (J=compiled Java code, j=interpreted, Vv=VM code, C=native code)
C  [atio6axx.dll+0x2435efd]  (no source info available)
C  [atio6axx.dll+0x66d93a]  (no source info available)
C  [atio6axx.dll+0x663f06]  (no source info available)
C  [atio6axx.dll+0x666612]  (no source info available)
C  0x000001d67181d5f3  (no source info available)

The last pc belongs to native method entry point (kind = native) (printed below).
Java frames: (J=compiled Java code, j=interpreted, Vv=VM code)
j  org.lwjgl.opengl.GL15C.nglBufferSubData(IJJJ)V+0
j  org.lwjgl.opengl.GL15C.glBufferSubData(IJLjava/nio/FloatBuffer;)V+15
j  org.lwjgl.opengl.GL15.glBufferSubData(IJLjava/nio/FloatBuffer;)V+3
j  com.szymc.voxel_engine.UIRenderer.renderFont(Ljava/lang/String;II)V+349
j  com.szymc.voxel_engine.Engine.render()V+1270
j  com.szymc.voxel_engine.App.main([Ljava/lang/String;)V+567
v  ~StubRoutines::Stub Generator call_stub_stub 0x000001d6718118e2

siginfo: EXCEPTION_ACCESS_VIOLATION (0xc0000005), reading address 0x0000000000000010


Registers:
RAX=0x000001d61bacf4b0, RBX=0x0000000000000000, RCX=0x000001d61bacf4b0, RDX=0x0000000000000010
RSP=0x000000069dcff0b8, RBP=0x000001d61b8ca240, RSI=0x000001d61b783080, RDI=0x000001d61bacf480
R8 =0x0000000000000480, R9 =0x0000000000000490, R10=0x00007fffb9cd0000, R11=0x0000000347430960
R12=0x000001d61bacf4b0, R13=0x000001d60d472800, R14=0x0000000000000000, R15=0x0000000000000480
RIP=0x00007fffbc105efd, EFLAGS=0x0000000000010283

XMM[0]=0x2824448948e0468b 0x49f04e8b4d068b45
XMM[1]=0x2824448948e0468b 0x49f04e8b4d068b45
XMM[2]=0x0000000000000000 0x0000000000000000
XMM[3]=0x0000000000000000 0x0000000000000000
XMM[4]=0x0000000000000000 0x0000000000000000
XMM[5]=0xd0468b4928244489 0x48e0468b49f04e8b
XMM[6]=0x0000000000000000 0xbca856a8a5666b49
XMM[7]=0x0000000000000000 0x3e3370e5f7809243
XMM[8]=0x0000000000000000 0x0b3c73a1e1caaeca
XMM[9]=0x0000000000000000 0x483b58ad081b993f
XMM[10]=0x0000000000000000 0x00000000bfe04092
XMM[11]=0x0000000000000000 0xae5eba6db67a53ac
XMM[12]=0x0000000000000000 0x00000000081b993f
XMM[13]=0x0000000000000000 0x0000000000000000
XMM[14]=0x0000000000000000 0x0000000000000000
XMM[15]=0x0000000000000000 0x0000000000000000
  MXCSR=0x00001fa0


Register to memory mapping:

RAX=0x000001d61bacf4b0 points into unknown readable memory: 0x0000000000000000 | 00 00 00 00 00 00 00 00
RBX=0x0 is null
RCX=0x000001d61bacf4b0 points into unknown readable memory: 0x0000000000000000 | 00 00 00 00 00 00 00 00
RDX=0x0000000000000010 is an unknown value
RSP=0x000000069dcff0b8 is pointing into the stack for thread: 0x000001d661715a20
RBP=0x000001d61b8ca240 points into unknown readable memory: 0x000001d61ba89048 | 48 90 a8 1b d6 01 00 00
RSI=0x000001d61b783080 points into unknown readable memory: 0x00007fffbcfa94b8 | b8 94 fa bc ff 7f 00 00
RDI=0x000001d61bacf480 points into unknown readable memory: 0x0000000000000000 | 00 00 00 00 00 00 00 00
R8 =0x0000000000000480 is an unknown value
R9 =0x0000000000000490 is an unknown value
R10=0x00007fffb9cd0000 atio6axx.dll
R11=0x0000000347430960 is an oop: java.lang.Class 
{0x0000000347430960} - klass: 'java/lang/Class' - flags: 

 - ---- fields (total size 29 words):
 - private volatile transient 'classRedefinedCount' 'I' @12  0 (0x00000000)
 - injected 'klass' 'J' @16  487028272 (0x000000001d077630)
 - injected 'array_klass' 'J' @24  0 (0x0000000000000000)
 - injected 'oop_size' 'I' @32  29 (0x0000001d)
 - injected 'static_oop_field_count' 'I' @36  0 (0x00000000)
 - private final transient 'modifiers' 'C' @40    1 (0x0001)
 - private final transient 'classFileAccessFlags' 'C' @42  ! 33 (0x0021)
 - private final transient 'primitive' 'Z' @44  false (0x00)
 - private volatile transient 'cachedConstructor' 'Ljava/lang/reflect/Constructor;' @48  null (0x00000000)
 - private transient 'name' 'Ljava/lang/String;' @52  "org.lwjgl.opengl.GL15C"{0x0000000347433bd8} (0x68e8677b)
 - private transient 'module' 'Ljava/lang/Module;' @56  a 'java/lang/Module'{0x000000053901ee00} (0xa7203dc0)
 - private final 'classLoader' 'Ljava/lang/ClassLoader;' @60  a 'jdk/internal/loader/ClassLoaders$AppClassLoader'{0x0000000539000000} (0xa7200000)
 - private transient 'classData' 'Ljava/lang/Object;' @64  null (0x00000000)
 - private transient 'signers' '[Ljava/lang/Object;' @68  null (0x00000000)
 - private transient 'packageName' 'Ljava/lang/String;' @72  "org.lwjgl.opengl"{0x000000034742f448} (0x68e85e89)
 - private final transient 'componentType' 'Ljava/lang/Class;' @76  null (0x00000000)
 - private final transient 'protectionDomain' 'Ljava/security/ProtectionDomain;' @80  a 'java/security/ProtectionDomain'{0x000000034742f480} (0x68e85e90)
 - private volatile transient 'reflectionData' 'Ljava/lang/ref/SoftReference;' @84  null (0x00000000)
 - private volatile transient 'genericInfo' 'Lsun/reflect/generics/repository/ClassRepository;' @88  null (0x00000000)
 - private volatile transient 'enumConstants' '[Ljava/lang/Object;' @92  null (0x00000000)
 - private volatile transient 'enumConstantDirectory' 'Ljava/util/Map;' @96  null (0x00000000)
 - private volatile transient 'annotationData' 'Ljava/lang/Class$AnnotationData;' @100  null (0x00000000)
 - private volatile transient 'annotationType' 'Lsun/reflect/annotation/AnnotationType;' @104  null (0x00000000)
 - transient 'classValueMap' 'Ljava/lang/ClassValue$ClassValueMap;' @108  null (0x00000000)
 - injected 'source_file' 'Ljava/lang/Object;' @112  null (0x00000000)
 - injected '<init_lock>' 'Ljava/lang/Object;' @116  null (0x00000000)
 - signature: Lorg/lwjgl/opengl/GL15C;
 - ---- static fields (0):
 - public static final 'GL_SRC1_ALPHA' 'I' @120  34185 (0x00008589)
 - public static final 'GL_ARRAY_BUFFER' 'I' @124  34962 (0x00008892)
 - public static final 'GL_ELEMENT_ARRAY_BUFFER' 'I' @128  34963 (0x00008893)
 - public static final 'GL_ARRAY_BUFFER_BINDING' 'I' @132  34964 (0x00008894)
 - public static final 'GL_ELEMENT_ARRAY_BUFFER_BINDING' 'I' @136  34965 (0x00008895)
 - public static final 'GL_VERTEX_ATTRIB_ARRAY_BUFFER_BINDING' 'I' @140  34975 (0x0000889f)
 - public static final 'GL_STREAM_DRAW' 'I' @144  35040 (0x000088e0)
 - public static final 'GL_STREAM_READ' 'I' @148  35041 (0x000088e1)
 - public static final 'GL_STREAM_COPY' 'I' @152  35042 (0x000088e2)
 - public static final 'GL_STATIC_DRAW' 'I' @156  35044 (0x000088e4)
 - public static final 'GL_STATIC_READ' 'I' @160  35045 (0x000088e5)
 - public static final 'GL_STATIC_COPY' 'I' @164  35046 (0x000088e6)
 - public static final 'GL_DYNAMIC_DRAW' 'I' @168  35048 (0x000088e8)
 - public static final 'GL_DYNAMIC_READ' 'I' @172  35049 (0x000088e9)
 - public static final 'GL_DYNAMIC_COPY' 'I' @176  35050 (0x000088ea)
 - public static final 'GL_READ_ONLY' 'I' @180  35000 (0x000088b8)
 - public static final 'GL_WRITE_ONLY' 'I' @184  35001 (0x000088b9)
 - public static final 'GL_READ_WRITE' 'I' @188  35002 (0x000088ba)
 - public static final 'GL_BUFFER_SIZE' 'I' @192  34660 (0x00008764)
 - public static final 'GL_BUFFER_USAGE' 'I' @196  34661 (0x00008765)
 - public static final 'GL_BUFFER_ACCESS' 'I' @200  35003 (0x000088bb)
 - public static final 'GL_BUFFER_MAPPED' 'I' @204  35004 (0x000088bc)
 - public static final 'GL_BUFFER_MAP_POINTER' 'I' @208  35005 (0x000088bd)
 - public static final 'GL_SAMPLES_PASSED' 'I' @212  35092 (0x00008914)
 - public static final 'GL_QUERY_COUNTER_BITS' 'I' @216  34916 (0x00008864)
 - public static final 'GL_CURRENT_QUERY' 'I' @220  34917 (0x00008865)
 - public static final 'GL_QUERY_RESULT' 'I' @224  34918 (0x00008866)
 - public static final 'GL_QUERY_RESULT_AVAILABLE' 'I' @228  34919 (0x00008867)
R12=0x000001d61bacf4b0 points into unknown readable memory: 0x0000000000000000 | 00 00 00 00 00 00 00 00
R13=0x000001d60d472800 points into unknown readable memory: 0x25f94111005c0000 | 00 00 5c 00 11 41 f9 25
R14=0x0 is null
R15=0x0000000000000480 is an unknown value

Top of Stack: (sp=0x000000069dcff0b8)
0x000000069dcff0b8:   00007fffba33d93a 000000069dcff0c8   :.3.............
0x000000069dcff0c8:   0000000000000000 000001d65f38e490   ..........8_....
0x000000069dcff0d8:   0000000000000000 00000000000004b0   ................
0x000000069dcff0e8:   000001d61bacf480 0000000000000000   ................
0x000000069dcff0f8:   000000000000000d 0000000000000000   ................
0x000000069dcff108:   000001d60d472878 0000000000000000   x(G.............
0x000000069dcff118:   0000000000000480 0000000000000010   ................
0x000000069dcff128:   0000000000000000 0000000000008892   ................
0x000000069dcff138:   0000000000000480 000001d61b783080   .........0x.....
0x000000069dcff148:   00007fffba333f06 000001d61bacf480   .?3.............
0x000000069dcff158:   000001d600008892 0000000000000000   ................
0x000000069dcff168:   0000000000000480 0000000000000010   ................
0x000000069dcff178:   0000000000000000 0000000000000480   ................
0x000000069dcff188:   000001d61b783080 0000000000000010   .0x.............
0x000000069dcff198:   0000000000000000 000001d60d0d8eb8   ................
0x000000069dcff1a8:   000001d60d472878 000001d61b783080   x(G......0x.....
0x000000069dcff1b8:   00007fffba336612 0000000000008892   .f3.............
0x000000069dcff1c8:   0000000000000480 0000000000000000   ................
0x000000069dcff1d8:   0000000000000480 0000000000000480   ................
0x000000069dcff1e8:   0000000000000010 000001d61b783080   .........0x.....
0x000000069dcff1f8:   000001d661710000 000001d60d0d8eb8   ..qa............
0x000000069dcff208:   000001d67181d456 000001d661715a20   V..q.... Zqa....
0x000000069dcff218:   000000069dcff338 000001d60883caf0   8...............
0x000000069dcff228:   0000000000000000 0000000000000138   ........8.......
0x000000069dcff238:   000001d67181d5f3 000001d60883caf0   ...q............
0x000000069dcff248:   000000069dcff2e8 0000000000000010   ................
0x000000069dcff258:   00007fffe0a8280d 0000000000000480   .(..............
0x000000069dcff268:   0000000000000010 000000069dcff2c0   ................
0x000000069dcff278:   000001d60883caf0 0000000000000010   ................
0x000000069dcff288:   000001d671818f0e 000001d671818f0e   ...q.......q....
0x000000069dcff298:   000001d67181d2cb fffffffffffffff7   ...q............
0x000000069dcff2a8:   000001d60883caf0 000000000000000a   ................

Instructions: (pc=0x00007fffbc105efd)
  0x00007fffbc105dfd:   08 66 44 89 40 04 44 88 48 06 c3 4c 8b 02 8b 4a
  0x00007fffbc105e0d:   08 44 0f b7 4a 0c 4c 89 00 89 48 08 66 44 89 48
  0x00007fffbc105e1d:   0c c3 0f b7 0a 44 0f b6 42 02 66 89 08 44 88 40
  0x00007fffbc105e2d:   02 c3 90 4c 8b 02 8b 4a 08 44 0f b6 4a 0c 4c 89
  0x00007fffbc105e3d:   00 89 48 08 44 88 48 0c c3 4c 8b 02 0f b7 4a 08
  0x00007fffbc105e4d:   4c 89 00 66 89 48 08 c3 4c 8b 02 0f b6 4a 08 4c
  0x00007fffbc105e5d:   89 00 88 48 08 c3 4c 8b 02 8b 4a 08 4c 89 00 89
  0x00007fffbc105e6d:   48 08 c3 8b 0a 44 0f b7 42 04 89 08 66 44 89 40
  0x00007fffbc105e7d:   04 c3 8b 0a 44 0f b6 42 04 89 08 44 88 40 04 c3
  0x00007fffbc105e8d:   48 8b 0a 48 89 08 c3 0f b6 0a 88 08 c3 8b 0a 89
  0x00007fffbc105e9d:   08 c3 90 49 83 f8 20 77 17 f3 0f 6f 0a f3 42 0f
  0x00007fffbc105ead:   6f 54 02 f0 f3 0f 7f 09 f3 42 0f 7f 54 01 f0 c3
  0x00007fffbc105ebd:   4e 8d 0c 02 48 3b ca 4c 0f 46 c9 49 3b c9 0f 82
  0x00007fffbc105ecd:   3f 04 00 00 83 3d 38 a4 5f 01 03 0f 82 e2 02 00
  0x00007fffbc105edd:   00 49 81 f8 00 20 00 00 76 16 49 81 f8 00 00 18
  0x00007fffbc105eed:   00 77 0d f6 05 b5 71 77 01 02 0f 85 73 fe ff ff
=>0x00007fffbc105efd:   c5 fe 6f 02 c4 a1 7e 6f 6c 02 e0 49 81 f8 00 01
  0x00007fffbc105f0d:   00 00 0f 86 c3 00 00 00 4c 8b c9 49 83 e1 1f 49
  0x00007fffbc105f1d:   83 e9 20 49 2b c9 49 2b d1 4d 03 c1 49 81 f8 00
  0x00007fffbc105f2d:   01 00 00 0f 86 a2 00 00 00 49 81 f8 00 00 18 00
  0x00007fffbc105f3d:   0f 87 3d 01 00 00 66 66 66 66 66 0f 1f 84 00 00
  0x00007fffbc105f4d:   00 00 00 c5 fe 6f 0a c5 fe 6f 52 20 c5 fe 6f 5a
  0x00007fffbc105f5d:   40 c5 fe 6f 62 60 c5 fd 7f 09 c5 fd 7f 51 20 c5
  0x00007fffbc105f6d:   fd 7f 59 40 c5 fd 7f 61 60 c5 fe 6f 8a 80 00 00
  0x00007fffbc105f7d:   00 c5 fe 6f 92 a0 00 00 00 c5 fe 6f 9a c0 00 00
  0x00007fffbc105f8d:   00 c5 fe 6f a2 e0 00 00 00 c5 fd 7f 89 80 00 00
  0x00007fffbc105f9d:   00 c5 fd 7f 91 a0 00 00 00 c5 fd 7f 99 c0 00 00
  0x00007fffbc105fad:   00 c5 fd 7f a1 e0 00 00 00 48 81 c1 00 01 00 00
  0x00007fffbc105fbd:   48 81 c2 00 01 00 00 49 81 e8 00 01 00 00 49 81
  0x00007fffbc105fcd:   f8 00 01 00 00 0f 83 78 ff ff ff 4d 8d 48 1f 49
  0x00007fffbc105fdd:   83 e1 e0 4d 8b d9 49 c1 eb 05 47 8b 9c 9a 90 b9
  0x00007fffbc105fed:   65 03 4d 03 da 41 ff e3 c4 a1 7e 6f 8c 0a 00 ff


Stack slot to memory mapping:

stack at sp + 0 slots: 0x00007fffba33d93a atio6axx.dll
stack at sp + 1 slots: 0x000000069dcff0c8 is pointing into the stack for thread: 0x000001d661715a20
stack at sp + 2 slots: 0x0 is null
stack at sp + 3 slots: 0x000001d65f38e490 points into unknown readable memory: 0x000001d65f380002 | 02 00 38 5f d6 01 00 00
stack at sp + 4 slots: 0x0 is null
stack at sp + 5 slots: 0x00000000000004b0 is an unknown value
stack at sp + 6 slots: 0x000001d61bacf480 points into unknown readable memory: 0x0000000000000000 | 00 00 00 00 00 00 00 00
stack at sp + 7 slots: 0x0 is null

Lock stack of current Java thread (top to bottom):

native method entry point (kind = native)  [0x000001d67181d220, 0x000001d67181de18]  3064 bytes

Loading hsdis library failed, undisassembled code is shown in MachCode section
[MachCode]
  0x000001d67181d220: 488b 4b08 | 0fb7 492e | 584c 8d74 | ccf8 6800 | 0000 0068 | 0000 0000 | 5055 488b | ec41 5548 
  0x000001d67181d240: 8b43 084c | 8d68 3848 | 8b40 0868 | 0000 0000 | 5348 8b50 | 1848 8b52 | 7048 8b12 | 5248 8b53 
  0x000001d67181d260: 1048 85d2 | 7407 4881 | c2d0 0000 | 0052 488b | 5010 5249 | 8bc6 482b | c548 c1e8 | 0350 6800 
  0x000001d67181d280: 0000 0068 | f7ff ffff | 41c6 87ca | 0400 0001 | 488b 4310 | 4885 c074 | 208b 8890 | 0000 0083 
  0x000001d67181d2a0: c102 8988 | 9000 0000 | 2388 a400 | 0000 0f84 | b30a 0000 | e9cf 0000 | 0048 8b43 | 1848 85c0 
  0x000001d67181d2c0: 0f85 b000 | 0000 e805 | 0000 00e9 | 9900 0000 | 488b d348 | 8d44 2408 | 4c89 6dc0 | 498b cfc5 
  0x000001d67181d2e0: f877 4989 | af20 0400 | 0049 8987 | 1004 0000 | 4883 ec20 | 40f6 c40f | 0f84 1900 | 0000 4883 
  0x000001d67181d300: ec08 48b8 | 4074 78e0 | ff7f 0000 | ffd0 4883 | c408 e90c | 0000 0048 | b840 7478 | e0ff 7f00 
  0x000001d67181d320: 00ff d048 | 83c4 2049 | c787 1004 | 0000 0000 | 0000 49c7 | 8720 0400 | 0000 0000 | 0049 c787 
  0x000001d67181d340: 1804 0000 | 0000 0000 | c5f8 7749 | 837f 0800 | 0f84 0500 | 0000 e985 | 44ff ff4c | 8b6d c04c 
  0x000001d67181d360: 8b75 c84e | 8d74 f500 | c348 8b43 | 1848 85c0 | 0f84 1200 | 0000 8b48 | 0883 c102 | 8948 0823 
  0x000001d67181d380: 482c 0f84 | df09 0000 | 493b a750 | 0500 000f | 8748 0000 | 0089 8424 | 00f0 ffff | 8984 2400 
  0x000001d67181d3a0: e0ff ff89 | 8424 00d0 | ffff 8984 | 2400 c0ff | ff89 8424 | 00b0 ffff | 8984 2400 | a0ff ff89 
  0x000001d67181d3c0: 8424 0090 | ffff 8984 | 2400 80ff | ff49 3ba7 | 4805 0000 | 7607 4989 | a750 0500 | 0041 c687 
  0x000001d67181d3e0: ca04 0000 | 0048 8b5d | e84c 8b5b | 0845 0fb7 | 5b2e 41c1 | e303 492b | e348 83ec | 2048 83e4 
  0x000001d67181d400: f04c 8b5b | 604d 85db | 0f85 ab00 | 0000 e805 | 0000 00e9 | 9900 0000 | 488b d348 | 8d44 2408 
  0x000001d67181d420: 4c89 6dc0 | 498b cfc5 | f877 4989 | af20 0400 | 0049 8987 | 1004 0000 | 4883 ec20 | 40f6 c40f 
  0x000001d67181d440: 0f84 1900 | 0000 4883 | ec08 48b8 | 009e 78e0 | ff7f 0000 | ffd0 4883 | c408 e90c | 0000 0048 
  0x000001d67181d460: b800 9e78 | e0ff 7f00 | 00ff d048 | 83c4 2049 | c787 1004 | 0000 0000 | 0000 49c7 | 8720 0400 
  0x000001d67181d480: 0000 0000 | 0049 c787 | 1804 0000 | 0000 0000 | c5f8 7749 | 837f 0800 | 0f84 0500 | 0000 e93d 
  0x000001d67181d4a0: 43ff ff4c | 8b6d c04c | 8b75 c84e | 8d74 f500 | c348 8b5d | e84c 8b5b | 6041 ffd3 | 488b 5de8 
  0x000001d67181d4c0: 4889 4518 | 440f b75b | 2c41 f6c3 | 080f 841b | 0000 004c | 8b5b 084d | 8b5b 084d | 8b5b 184d 
  0x000001d67181d4e0: 8b5b 704d | 8b1b 4c89 | 5d10 488d | 5510 488b | 4358 49ba | 1050 b5e0 | ff7f 0000 | 493b c20f 
  0x000001d67181d500: 85ab 0000 | 00e8 0500 | 0000 e999 | 0000 0048 | 8bd3 488d | 4424 084c | 896d c049 | 8bcf c5f8 
  0x000001d67181d520: 7749 89af | 2004 0000 | 4989 8710 | 0400 0048 | 83ec 2040 | f6c4 0f0f | 8419 0000 | 0048 83ec 
  0x000001d67181d540: 0848 b800 | 9e78 e0ff | 7f00 00ff | d048 83c4 | 08e9 0c00 | 0000 48b8 | 009e 78e0 | ff7f 0000 
  0x000001d67181d560: ffd0 4883 | c420 49c7 | 8710 0400 | 0000 0000 | 0049 c787 | 2004 0000 | 0000 0000 | 49c7 8718 
  0x000001d67181d580: 0400 0000 | 0000 00c5 | f877 4983 | 7f08 000f | 8405 0000 | 00e9 4642 | ffff 4c8b | 6dc0 4c8b 
  0x000001d67181d5a0: 75c8 4e8d | 74f5 00c3 | 488b 5de8 | 488b 4358 | 498d 8f30 | 0400 004c | 8d15 d500 | 0000 4d89 
  0x000001d67181d5c0: 9718 0400 | 00c5 f877 | 4989 af20 | 0400 0049 | 89a7 1004 | 0000 41c7 | 87ac 0400 | 0004 0000 
  0x000001d67181d5e0: 0049 3ba7 | a805 0000 | 7607 4989 | a7a8 0500 | 00ff d049 | 3ba7 a805 | 0000 720b | 49c7 87a8 
  0x000001d67181d600: 0500 0000 | 0000 00c5 | f877 4883 | ec10 c5fb | 1104 2448 | 83ec 1048 | 8904 2448 | c744 2408 
  0x000001d67181d620: 0000 0000 | 41c7 87ac | 0400 0005 | 0000 00f0 | 8344 24c0 | 0049 3b6f | 280f 870e | 0000 0041 
  0x000001d67181d640: 83bf a804 | 0000 000f | 8420 0000 | 0049 8bcf | 4c8b e448 | 83ec 2048 | 83e4 f048 | b850 067a 
  0x000001d67181d660: e0ff 7f00 | 00ff d049 | 8be4 4d33 | e441 c787 | ac04 0000 | 0800 0000 | 4d8b 97c0 | 0500 0049 
  0x000001d67181d680: 83fa 0074 | 3549 c787 | c005 0000 | 0000 0000 | 41ff e249 | ba60 c181 | 71d6 0100 | 0041 ffd2 
  0x000001d67181d6a0: 4883 ec10 | c5fb 1104 | 2448 83ec | 1048 8904 | 2448 c744 | 2408 0000 | 0000 49c7 | 8710 0400 
  0x000001d67181d6c0: 0000 0000 | 0049 c787 | 2004 0000 | 0000 0000 | 49c7 8718 | 0400 0000 | 0000 00c5 | f877 4d8b 
  0x000001d67181d6e0: 9f90 0400 | 0041 c783 | 0001 0000 | 0000 0000 | 49bb 5aaa | 8171 d601 | 0000 4c3b | 5d18 0f85 
  0x000001d67181d700: 5602 0000 | 488b 0424 | 4883 c410 | 4885 c00f | 8430 0200 | 00a8 030f | 8508 0000 | 0048 8b00 
  0x000001d67181d720: e920 0200 | 00a8 010f | 8509 0000 | 0048 8b40 | fee9 0f02 | 0000 488b | 40ff 4180 | 7f48 000f 
  0x000001d67181d740: 8400 0200 | 0048 85c0 | 0f84 f701 | 0000 4d8b | 5f38 4d85 | db74 1449 | 83eb 084d | 895f 384d 
  0x000001d67181d760: 035f 4049 | 8903 e9da | 0100 0048 | 81ec f000 | 0000 4889 | 0424 4889 | 4c24 0848 | 8954 2410 
  0x000001d67181d780: 4c89 4424 | 184c 894c | 2420 4c89 | 5424 284c | 895c 2430 | c5fb 1144 | 2440 c5fb | 114c 2448 
  0x000001d67181d7a0: c5fb 1154 | 2450 c5fb | 115c 2458 | c5fb 1164 | 2460 c5fb | 116c 2468 | 62e1 ff08 | 1144 240e 
  0x000001d67181d7c0: 62e1 ff08 | 114c 240f | 62e1 ff08 | 1154 2410 | 62e1 ff08 | 115c 2411 | 62e1 ff08 | 1164 2412 
  0x000001d67181d7e0: 62e1 ff08 | 116c 2413 | 62e1 ff08 | 1174 2414 | 62e1 ff08 | 117c 2415 | 6261 ff08 | 1144 2416 
  0x000001d67181d800: 6261 ff08 | 114c 2417 | 6261 ff08 | 1154 2418 | 6261 ff08 | 115c 2419 | 6261 ff08 | 1164 241a 
  0x000001d67181d820: 6261 ff08 | 116c 241b | 6261 ff08 | 1174 241c | 6261 ff08 | 117c 241d | 498b d748 | 8bc8 4883 
  0x000001d67181d840: ec20 40f6 | c40f 0f84 | 1900 0000 | 4883 ec08 | 48b8 80ad | 6ce0 ff7f | 0000 ffd0 | 4883 c408 
  0x000001d67181d860: e90c 0000 | 0048 b880 | ad6c e0ff | 7f00 00ff | d048 83c4 | 2062 61ff | 0810 7c24 | 1d62 61ff 
  0x000001d67181d880: 0810 7424 | 1c62 61ff | 0810 6c24 | 1b62 61ff | 0810 6424 | 1a62 61ff | 0810 5c24 | 1962 61ff 
  0x000001d67181d8a0: 0810 5424 | 1862 61ff | 0810 4c24 | 1762 61ff | 0810 4424 | 1662 e1ff | 0810 7c24 | 1562 e1ff 
  0x000001d67181d8c0: 0810 7424 | 1462 e1ff | 0810 6c24 | 1362 e1ff | 0810 6424 | 1262 e1ff | 0810 5c24 | 1162 e1ff 
  0x000001d67181d8e0: 0810 5424 | 1062 e1ff | 0810 4c24 | 0f62 e1ff | 0810 4424 | 0ec5 fb10 | 6c24 68c5 | fb10 6424 
  0x000001d67181d900: 60c5 fb10 | 5c24 58c5 | fb10 5424 | 50c5 fb10 | 4c24 48c5 | fb10 4424 | 404c 8b5c | 2430 4c8b 
  0x000001d67181d920: 5424 284c | 8b4c 2420 | 4c8b 4424 | 1848 8b54 | 2410 488b | 4c24 0848 | 8b04 2448 | 81c4 f000 
  0x000001d67181d940: 0000 c5f8 | 7748 8945 | 1048 83ec | 1048 8904 | 2448 c744 | 2408 0000 | 0000 4183 | bf30 0500 
  0x000001d67181d960: 0002 0f85 | bf00 0000 | 4881 ec80 | 0000 0048 | 8944 2478 | 4889 4c24 | 7048 8954 | 2468 4889 
  0x000001d67181d980: 5c24 6048 | 896c 2450 | 4889 7424 | 4848 897c | 2440 4c89 | 4424 384c | 894c 2430 | 4c89 5424 
  0x000001d67181d9a0: 284c 895c | 2420 4c89 | 6424 184c | 896c 2410 | 4c89 7424 | 084c 893c | 244c 8be4 | 4883 ec20 
  0x000001d67181d9c0: 4883 e4f0 | 48b8 9037 | b5e0 ff7f | 0000 ffd0 | 498b e44c | 8b3c 244c | 8b74 2408 | 4c8b 6c24 
  0x000001d67181d9e0: 104c 8b64 | 2418 4c8b | 5c24 204c | 8b54 2428 | 4c8b 4c24 | 304c 8b44 | 2438 488b | 7c24 4048 
  0x000001d67181da00: 8b74 2448 | 488b 6c24 | 5048 8b5c | 2460 488b | 5424 6848 | 8b4c 2470 | 488b 4424 | 7848 81c4 
  0x000001d67181da20: 8000 0000 | 4d33 e448 | 8b5d e84c | 8b6b 084d | 8d6d 3849 | 837f 0800 | 0f84 bb00 | 0000 e805 
  0x000001d67181da40: 0000 00e9 | 9600 0000 | 488d 4424 | 084c 896d | c049 8bcf | c5f8 7749 | 89af 2004 | 0000 4989 
  0x000001d67181da60: 8710 0400 | 0048 83ec | 2040 f6c4 | 0f0f 8419 | 0000 0048 | 83ec 0848 | b830 bc78 | e0ff 7f00 
  0x000001d67181da80: 00ff d048 | 83c4 08e9 | 0c00 0000 | 48b8 30bc | 78e0 ff7f | 0000 ffd0 | 4883 c420 | 49c7 8710 
  0x000001d67181daa0: 0400 0000 | 0000 0049 | c787 2004 | 0000 0000 | 0000 49c7 | 8718 0400 | 0000 0000 | 00c5 f877 
  0x000001d67181dac0: 4983 7f08 | 000f 8405 | 0000 00e9 | 103d ffff | 4c8b 6dc0 | 4c8b 75c8 | 4e8d 74f5 | 00c3 48b9 
  0x000001d67181dae0: 2872 e0e0 | ff7f 0000 | 4883 e4f0 | 48b8 30e5 | a1e0 ff7f | 0000 ffd0 | f444 0fb7 | 5b2c 41f6 
  0x000001d67181db00: c320 0f84 | 7201 0000 | 488d 55a8 | 4c8b 5a08 | 4d85 db0f | 85bb 0000 | 00e8 0500 | 0000 e996 
  0x000001d67181db20: 0000 0048 | 8d44 2408 | 4c89 6dc0 | 498b cfc5 | f877 4989 | af20 0400 | 0049 8987 | 1004 0000 
  0x000001d67181db40: 4883 ec20 | 40f6 c40f | 0f84 1900 | 0000 4883 | ec08 48b8 | 60bb 78e0 | ff7f 0000 | ffd0 4883 
  0x000001d67181db60: c408 e90c | 0000 0048 | b860 bb78 | e0ff 7f00 | 00ff d048 | 83c4 2049 | c787 1004 | 0000 0000 
  0x000001d67181db80: 0000 49c7 | 8720 0400 | 0000 0000 | 0049 c787 | 1804 0000 | 0000 0000 | c5f8 7749 | 837f 0800 
  0x000001d67181dba0: 0f84 0500 | 0000 e935 | 3cff ff4c | 8b6d c04c | 8b75 c84e | 8d74 f500 | c348 b928 | 72e0 e0ff 
  0x000001d67181dbc0: 7f00 0048 | 83e4 f048 | b830 e5a1 | e0ff 7f00 | 00ff d0f4 | 4c89 6dc0 | 4c8b 4a08 | 48c7 4208 
  0x000001d67181dbe0: 0000 0000 | 458b 87c8 | 0600 004f | 3b4c 07f8 | 0f85 4200 | 0000 4183 | afc8 0600 | 0008 4f3b 
  0x000001d67181dc00: 4c07 f00f | 842a 0000 | 0049 8b01 | a802 0f85 | 1200 0000 | 4c8b c049 | 83c8 01f0 | 4d0f b101 
  0x000001d67181dc20: 0f84 0d00 | 0000 4183 | 87c8 0600 | 0008 e905 | 0000 00e9 | 3e00 0000 | 4c89 4a08 | 488b ca48 
  0x000001d67181dc40: 83ec 2040 | f6c4 0f0f | 8419 0000 | 0048 83ec | 0848 b890 | 8d78 e0ff | 7f00 00ff | d048 83c4 
  0x000001d67181dc60: 08e9 0c00 | 0000 48b8 | 908d 78e0 | ff7f 0000 | ffd0 4883 | c420 4c8b | 6dc0 41c6 | 877e 0300 
  0x000001d67181dc80: 0001 493b | 6f28 0f87 | 0500 0000 | e9ab 0000 | 0048 83ec | 10c5 fb11 | 0424 4883 | ec10 4889 
  0x000001d67181dca0: 0424 48c7 | 4424 0800 | 0000 00c5 | f877 4989 | af20 0400 | 0049 baab | dc81 71d6 | 0100 004d 
  0x000001d67181dcc0: 8997 1804 | 0000 4989 | a710 0400 | 0049 8bcf | 4883 ec20 | 40f6 c40f | 0f84 1900 | 0000 4883 
  0x000001d67181dce0: ec08 48b8 | d073 78e0 | ff7f 0000 | ffd0 4883 | c408 e90c | 0000 0048 | b8d0 7378 | e0ff 7f00 
  0x000001d67181dd00: 00ff d048 | 83c4 2049 | c787 1004 | 0000 0000 | 0000 49c7 | 8720 0400 | 0000 0000 | 0049 c787 
  0x000001d67181dd20: 1804 0000 | 0000 0000 | c5f8 7748 | 8b04 2448 | 83c4 10c5 | fb10 0424 | 4883 c410 | 488b 0424 
  0x000001d67181dd40: 4883 c410 | c5fb 1004 | 2448 83c4 | 104c 8b5d | 1841 ffd3 | 4c8b 5df8 | c941 c687 | 7e03 0000 
  0x000001d67181dd60: 005f 498b | e3ff e7ba | 0000 0000 | e805 0000 | 00e9 9600 | 0000 488d | 4424 084c | 896d c049 
  0x000001d67181dd80: 8bcf c5f8 | 7749 89af | 2004 0000 | 4989 8710 | 0400 0048 | 83ec 2040 | f6c4 0f0f | 8419 0000 
  0x000001d67181dda0: 0048 83ec | 0848 b890 | 8378 e0ff | 7f00 00ff | d048 83c4 | 08e9 0c00 | 0000 48b8 | 9083 78e0 
  0x000001d67181ddc0: ff7f 0000 | ffd0 4883 | c420 49c7 | 8710 0400 | 0000 0000 | 0049 c787 | 2004 0000 | 0000 0000 
  0x000001d67181dde0: 49c7 8718 | 0400 0000 | 0000 00c5 | f877 4983 | 7f08 000f | 8405 0000 | 00e9 e239 | ffff 4c8b 
  0x000001d67181de00: 6dc0 4c8b | 75c8 4e8d | 74f5 00c3 | 488b 5de8 | e973 f5ff | ff66 6690 
[/MachCode]

---------------  P R O C E S S  ---------------

Threads class SMR info:
_java_thread_list=0x000001d61fb33eb0, length=21, elements={
0x000001d661715a20, 0x000001d67f657360, 0x000001d67f657c60, 0x000001d67f6597d0,
0x000001d67f65a5e0, 0x000001d67f65d540, 0x000001d67f65e0f0, 0x000001d67f66ea10,
0x000001d67f678250, 0x000001d60c0b84a0, 0x000001d60c0d6b60, 0x000001d60c18e170,
0x000001d60c256f60, 0x000001d60c257710, 0x000001d60c364b60, 0x000001d60c8b4170,
0x000001d61f9af880, 0x000001d61f9b0620, 0x000001d61f9b51f0, 0x000001d60c8b71d0,
0x000001d60c8b59a0
}

Java Threads: ( => current thread )
=>0x000001d661715a20 JavaThread "main"                              [_thread_in_native, id=18384, stack(0x000000069dc00000,0x000000069dd00000) (1024K)]
  0x000001d67f657360 JavaThread "Reference Handler"          daemon [_thread_blocked, id=12516, stack(0x000000069e500000,0x000000069e600000) (1024K)]
  0x000001d67f657c60 JavaThread "Finalizer"                  daemon [_thread_blocked, id=20332, stack(0x000000069e600000,0x000000069e700000) (1024K)]
  0x000001d67f6597d0 JavaThread "Signal Dispatcher"          daemon [_thread_blocked, id=17368, stack(0x000000069e700000,0x000000069e800000) (1024K)]
  0x000001d67f65a5e0 JavaThread "Attach Listener"            daemon [_thread_blocked, id=8248, stack(0x000000069e800000,0x000000069e900000) (1024K)]
  0x000001d67f65d540 JavaThread "Service Thread"             daemon [_thread_blocked, id=10604, stack(0x000000069e900000,0x000000069ea00000) (1024K)]
  0x000001d67f65e0f0 JavaThread "Monitor Deflation Thread"   daemon [_thread_blocked, id=1944, stack(0x000000069ea00000,0x000000069eb00000) (1024K)]
  0x000001d67f66ea10 JavaThread "C2 CompilerThread0"         daemon [_thread_in_native, id=8584, stack(0x000000069eb00000,0x000000069ec00000) (1024K)]
  0x000001d67f678250 JavaThread "C1 CompilerThread0"         daemon [_thread_blocked, id=14236, stack(0x000000069ec00000,0x000000069ed00000) (1024K)]
  0x000001d60c0b84a0 JavaThread "C1 CompilerThread1"         daemon [_thread_blocked, id=10468, stack(0x000000069ed00000,0x000000069ee00000) (1024K)]
  0x000001d60c0d6b60 JavaThread "C1 CompilerThread2"         daemon [_thread_blocked, id=1648, stack(0x000000069ee00000,0x000000069ef00000) (1024K)]
  0x000001d60c18e170 JavaThread "Common-Cleaner"             daemon [_thread_blocked, id=2464, stack(0x000000069f000000,0x000000069f100000) (1024K)]
  0x000001d60c256f60 JavaThread "Monitor Ctrl-Break"         daemon [_thread_in_native, id=11908, stack(0x000000069f100000,0x000000069f200000) (1024K)]
  0x000001d60c257710 JavaThread "Notification Thread"        daemon [_thread_blocked, id=9592, stack(0x000000069f200000,0x000000069f300000) (1024K)]
  0x000001d60c364b60 JavaThread "InnocuousThread-1"          daemon [_thread_blocked, id=11456, stack(0x000000069f600000,0x000000069f700000) (1024K)]
  0x000001d60c8b4170 JavaThread "C2 CompilerThread1"         daemon [_thread_blocked, id=10544, stack(0x00000006a0400000,0x00000006a0500000) (1024K)]
  0x000001d61f9af880 JavaThread "pool-1-thread-1"                   [_thread_in_Java, id=16656, stack(0x00000006a0b00000,0x00000006a0c00000) (1024K)]
  0x000001d61f9b0620 JavaThread "pool-1-thread-2"                   [_thread_in_Java, id=2176, stack(0x00000006a0c00000,0x00000006a0d00000) (1024K)]
  0x000001d61f9b51f0 JavaThread "pool-1-thread-3"                   [_thread_in_Java, id=19460, stack(0x00000006a0d00000,0x00000006a0e00000) (1024K)]
  0x000001d60c8b71d0 JavaThread "C1 CompilerThread3"         daemon [_thread_blocked, id=2592, stack(0x00000006a0e00000,0x00000006a0f00000) (1024K)]
  0x000001d60c8b59a0 JavaThread "C2 CompilerThread2"         daemon [_thread_blocked, id=11616, stack(0x00000006a0f00000,0x00000006a1000000) (1024K)]
Total: 21

Other Threads:
  0x000001d67f6475a0 VMThread "VM Thread"                           [id=21444, stack(0x000000069e400000,0x000000069e500000) (1024K)]
  0x000001d67f6386b0 WatcherThread "VM Periodic Task Thread"        [id=19844, stack(0x000000069e300000,0x000000069e400000) (1024K)]
  0x000001d661783dd0 WorkerThread "GC Thread#0"                     [id=21052, stack(0x000000069dd00000,0x000000069de00000) (1024K)]
  0x000001d60c377810 WorkerThread "GC Thread#1"                     [id=17536, stack(0x000000069f300000,0x000000069f400000) (1024K)]
  0x000001d60d24e360 WorkerThread "GC Thread#2"                     [id=10568, stack(0x000000069ef00000,0x000000069f000000) (1024K)]
  0x000001d60d24f050 WorkerThread "GC Thread#3"                     [id=11388, stack(0x000000069fe00000,0x000000069ff00000) (1024K)]
  0x000001d60d24d670 WorkerThread "GC Thread#4"                     [id=9888, stack(0x000000069ff00000,0x00000006a0000000) (1024K)]
  0x000001d61f9910e0 WorkerThread "GC Thread#5"                     [id=20932, stack(0x00000006a1000000,0x00000006a1100000) (1024K)]
  0x000001d61f98e170 WorkerThread "GC Thread#6"                     [id=16628, stack(0x00000006a1100000,0x00000006a1200000) (1024K)]
  0x000001d61f98ffa0 WorkerThread "GC Thread#7"                     [id=14040, stack(0x00000006a1200000,0x00000006a1300000) (1024K)]
  0x000001d65f43de10 ConcurrentGCThread "G1 Main Marker"            [id=7772, stack(0x000000069de00000,0x000000069df00000) (1024K)]
  0x000001d65f43e990 WorkerThread "G1 Conc#0"                       [id=428, stack(0x000000069df00000,0x000000069e000000) (1024K)]
  0x000001d60ca4db50 WorkerThread "G1 Conc#1"                       [id=12072, stack(0x000000069f400000,0x000000069f500000) (1024K)]
  0x000001d60ca34d30 WorkerThread "G1 Conc#2"                       [id=17288, stack(0x000000069f500000,0x000000069f600000) (1024K)]
  0x000001d67f4f8aa0 WorkerThread "G1 Refinement Workers#0"         [id=18568, stack(0x000000069e100000,0x000000069e200000) (1024K)]
  0x000001d67f4f5a10 ConcurrentGCThread "G1 Refine Control"         [id=8976, stack(0x000000069e000000,0x000000069e100000) (1024K)]
  0x000001d67f4f92c0 ConcurrentGCThread "G1 Service"                [id=20404, stack(0x000000069e200000,0x000000069e300000) (1024K)]
Total: 17

Threads with active compile tasks:
C2 CompilerThread0  574 1533 %     4       com.szymc.voxel_engine.TerrainTask::generateChunk @ 617 (818 bytes)
Total: 1

VM state: not at safepoint (normal execution)

VM Mutex/Monitor currently owned by a thread: None

Heap address: 0x0000000346c00000, size: 7980 MB, Compressed Oops mode: Zero based, Oop shift amount: 3

CDS archive(s) mapped at: [0x000000001c000000-0x000000001cde0000-0x000000001cde0000), size 14548992, SharedBaseAddress: 0x000000001c000000, ArchiveRelocationMode: 1.
Compressed class space mapped at: 0x000000001d000000-0x000000005d000000, reserved size: 1073741824
UseCompressedClassPointers 1, UseCompactObjectHeaders 0
Narrow klass pointer bits 32, Max shift 3
Narrow klass base: 0x000000001c000000, Narrow klass shift: 0
Encoding Range: [0x000000001c000000 - 0x000000011c000000), (4294967296 bytes)
Klass Range:    [0x000000001c000000 - 0x000000005d000000), (1090519040 bytes)
Klass ID Range:  [8 - 1090519033) (1090519025)
Protection zone: [0x000000001c000000 - 0x000000001c010000), (65536 bytes)

GC Precious Log:
 CardTable entry size: 512
 Card Set container configuration: InlinePtr #cards 4 size 8 Array Of Cards #cards 32 size 80 Howl #buckets 8 coarsen threshold 7372 Howl Bitmap #cards 1024 size 144 coarsen threshold 921 Card regions per heap region 1 cards per card region 8192
 CPUs: 16 total, 16 available
 Memory: 31913M
 Large Page Support: Disabled
 NUMA Support: Disabled
 Compressed Oops: Enabled (Zero based)
 Heap Region Size: 4M
 Heap Min Capacity: 8M
 Heap Initial Capacity: 8M
 Heap Max Capacity: 7980M
 Pre-touch: Disabled
 Parallel Workers: 13
 Concurrent Workers: 3
 Concurrent Refinement Workers: 13
 Periodic GC: Disabled

Heap:
 garbage-first heap   total reserved 8171520K, committed 28672K, used 5253K [0x0000000346c00000, 0x0000000539800000)
  region size 4M, 1 eden (4M), 1 survivor (4M), 1 old (4M), 0 humongous (0M), 4 free (16M)

Heap Regions: E=young(eden), S=young(survivor), O=old, HS=humongous(starts), HC=humongous(continues), CS=collection set, F=free, TAMS=top-at-mark-start, PB=parsable bottom
|    0|0x0000000346c00000, 0x0000000346c00000, 0x0000000347000000|  0%| F|  |TAMS 0x0000000346c00000| PB 0x0000000346c00000| Untracked |  0
|    1|0x0000000347000000, 0x00000003471d84e8, 0x0000000347400000| 46%| S|CS|TAMS 0x0000000347000000| PB 0x0000000347000000| Complete  |  0
|    2|0x0000000347400000, 0x0000000347400000, 0x0000000347800000|  0%| F|  |TAMS 0x0000000347400000| PB 0x0000000347400000| Untracked |  0
|    3|0x0000000347800000, 0x0000000347800000, 0x0000000347c00000|  0%| F|  |TAMS 0x0000000347800000| PB 0x0000000347800000| Untracked |  0
|    4|0x0000000347c00000, 0x0000000347c00000, 0x0000000348000000|  0%| F|  |TAMS 0x0000000347c00000| PB 0x0000000347c00000| Untracked |  0
| 1993|0x0000000539000000, 0x00000005393491d0, 0x0000000539400000| 82%| O|  |TAMS 0x0000000539000000| PB 0x0000000539000000| Untracked |  0
| 1994|0x0000000539400000, 0x00000005394e3510, 0x0000000539800000| 22%| E|CS|TAMS 0x0000000539400000| PB 0x0000000539400000| Complete  |  0

Card table byte_map: [0x000001d67acf0000,0x000001d67bc90000] _byte_map_base: 0x000001d6792ba000
Refinement table byte_map: [0x000001d67bc90000,0x000001d67cc30000] _byte_map_base: 0x000001d67a25a000

Marking Bits: (CMBitMap*) 0x000001d661784550
 Bits: [0x000001d600000000, 0x000001d607cb0000)

Polling page: 0x000001d65f7e0000

Metaspace:
Metaspace        used 9668K, committed 9856K, reserved 1114112K
 class space     used 602K, committed 704K, reserved 1048576K

Usage:
  Non-class:      8.85 MB used.
      Class:    602.86 KB used.
       Both:      9.44 MB used.

Virtual space:
  Non-class space:       64.00 MB reserved,       8.94 MB ( 14%) committed,  1 nodes.
      Class space:        1.00 GB reserved,     704.00 KB ( <1%) committed,  1 nodes.
             Both:        1.06 GB reserved,       9.62 MB ( <1%) committed. 

Chunk freelists:
   Non-Class:  5.62 MB
       Class:  15.33 MB
        Both:  20.95 MB

MaxMetaspaceSize: unlimited
CompressedClassSpaceSize: 1.00 GB
Initial GC threshold: 21.00 MB
Current GC threshold: 21.00 MB
CDS: on
 - commit_granule_bytes: 65536.
 - commit_granule_words: 8192.
 - virtual_space_node_default_size: 8388608.
 - enlarge_chunks_in_place: 1.
UseCompressedClassPointers 1, UseCompactObjectHeaders 0
Narrow klass pointer bits 32, Max shift 3
Narrow klass base: 0x000000001c000000, Narrow klass shift: 0
Encoding Range: [0x000000001c000000 - 0x000000011c000000), (4294967296 bytes)
Klass Range:    [0x000000001c000000 - 0x000000005d000000), (1090519040 bytes)
Klass ID Range:  [8 - 1090519033) (1090519025)
Protection zone: [0x000000001c000000 - 0x000000001c010000), (65536 bytes)


Internal statistics:

num_allocs_failed_limit: 0.
num_arena_births: 104.
num_arena_deaths: 0.
num_vsnodes_births: 2.
num_vsnodes_deaths: 0.
num_space_committed: 153.
num_space_uncommitted: 0.
num_chunks_returned_to_freelist: 0.
num_chunks_taken_from_freelist: 385.
num_chunk_merges: 0.
num_chunk_splits: 288.
num_chunks_enlarged: 227.
num_inconsistent_stats: 0.

CodeHeap 'non-profiled nmethods': size=119168Kb used=454Kb max_used=454Kb free=118713Kb
 bounds [0x000001d671f60000, 0x000001d6721d0000, 0x000001d6793c0000]
CodeHeap 'profiled nmethods': size=119168Kb used=2057Kb max_used=2057Kb free=117110Kb
 bounds [0x000001d66a3b0000, 0x000001d66a620000, 0x000001d671810000]
CodeHeap 'non-nmethods': size=7488Kb used=4126Kb max_used=4155Kb free=3361Kb
 bounds [0x000001d671810000, 0x000001d671c30000, 0x000001d671f60000]
CodeCache: size=245824Kb, used=6637Kb, max_used=6666Kb, free=239184Kb
 total_blobs=2801, nmethods=1532, adapters=1171, full_count=0
Compilation: enabled, stopped_count=0, restarted_count=0

Compilation events (20 events):
Event: 0.472 Thread 0x000001d60c0d6b60 1453       3       it.unimi.dsi.fastutil.longs.Long2ObjectOpenHashMap$MapEntry::getLongKey (13 bytes)
Event: 0.472 Thread 0x000001d60c0b84a0 nmethod 1456 0x000001d66a599908 code [0x000001d66a599a00, 0x000001d66a599b08]
Event: 0.472 Thread 0x000001d60c0b84a0 1454       3       it.unimi.dsi.fastutil.longs.Long2ObjectOpenHashMap$MapEntry::getValue (13 bytes)
Event: 0.472 Thread 0x000001d60c0d6b60 nmethod 1453 0x000001d66a599c08 code [0x000001d66a599d00, 0x000001d66a599e38]
Event: 0.472 Thread 0x000001d67f678250 nmethod 1451 0x000001d66a599f08 code [0x000001d66a59a000, 0x000001d66a59a670]
Event: 0.472 Thread 0x000001d60c8b71d0 nmethod 1450 0x000001d66a59a688 code [0x000001d66a59a780, 0x000001d66a59ab30]
Event: 0.472 Thread 0x000001d60c0b84a0 nmethod 1454 0x000001d66a59ab88 code [0x000001d66a59ac80, 0x000001d66a59adb8]
Event: 0.472 Thread 0x000001d67f66ea10 nmethod 1444 0x000001d671fb5788 code [0x000001d671fb58a0, 0x000001d671fb5ae8]
Event: 0.472 Thread 0x000001d67f66ea10 1457       4       com.szymc.voxel_engine.TerrainTask::getBiomeType (342 bytes)
Event: 0.473 Thread 0x000001d60c0d6b60 1458   !   3       jdk.internal.loader.Resource::getBytes (170 bytes)
Event: 0.473 Thread 0x000001d60c8b4170 nmethod 1445 0x000001d671fb5b08 code [0x000001d671fb5c20, 0x000001d671fb5f48]
Event: 0.473 Thread 0x000001d60c0d6b60 nmethod 1458 0x000001d66a59ae88 code [0x000001d66a59af80, 0x000001d66a59bc48]
Event: 0.474 Thread 0x000001d60c0d6b60 1459   !   3       java.util.jar.JarFile::getManifestFromReference (197 bytes)
Event: 0.475 Thread 0x000001d60c0d6b60 nmethod 1459 0x000001d66a59bc88 code [0x000001d66a59bd80, 0x000001d66a59d3b8]
Event: 0.475 Thread 0x000001d60c8b71d0 1461       3       sun.misc.Unsafe::getFloat (12 bytes)
Event: 0.475 Thread 0x000001d67f678250 1462       3       it.unimi.dsi.fastutil.floats.FloatArrayList::add (55 bytes)
Event: 0.475 Thread 0x000001d60c0b84a0 1463       3       it.unimi.dsi.fastutil.floats.FloatArrayList::grow (103 bytes)
Event: 0.476 Thread 0x000001d67f678250 nmethod 1462 0x000001d66a59d408 code [0x000001d66a59d500, 0x000001d66a59d6a8]
Event: 0.476 Thread 0x000001d60c8b71d0 nmethod 1461 0x000001d66a59d708 code [0x000001d66a59d800, 0x000001d66a59da78]
Event: 0.476 Thread 0x000001d60c0b84a0 nmethod 1463 0x000001d66a59da88 code [0x000001d66a59db80, 0x000001d66a59dfd0]

GC Heap Usage History (10 events):
Event: 0.054 {heap Before GC invocations=0 (full 0):
 garbage-first heap   total reserved 8171520K, committed 12288K, used 1183K [0x0000000346c00000, 0x0000000539800000)
  region size 4M, 1 eden (4M), 0 survivor (0M), 1 old (4M), 0 humongous (0M), 1 free (4M)
}
Event: 0.055 {heap After GC invocations=1 (full 0):
 garbage-first heap   total reserved 8171520K, committed 12288K, used 3602K [0x0000000346c00000, 0x0000000539800000)
  region size 4M, 0 eden (0M), 1 survivor (4M), 1 old (4M), 0 humongous (0M), 1 free (4M)
}
Event: 0.122 {heap Before GC invocations=1 (full 0):
 garbage-first heap   total reserved 8171520K, committed 12288K, used 7698K [0x0000000346c00000, 0x0000000539800000)
  region size 4M, 1 eden (4M), 1 survivor (4M), 1 old (4M), 0 humongous (0M), 0 free (0M)
}
Event: 0.123 {heap After GC invocations=2 (full 0):
 garbage-first heap   total reserved 8171520K, committed 20480K, used 3880K [0x0000000346c00000, 0x0000000539800000)
  region size 4M, 0 eden (0M), 1 survivor (4M), 2 old (8M), 0 humongous (0M), 2 free (8M)
}
Event: 0.295 {heap Before GC invocations=3 (full 0):
 garbage-first heap   total reserved 8171520K, committed 20480K, used 7976K [0x0000000346c00000, 0x0000000539800000)
  region size 4M, 1 eden (4M), 1 survivor (4M), 2 old (8M), 0 humongous (0M), 1 free (4M)
}
Event: 0.296 {heap After GC invocations=4 (full 0):
 garbage-first heap   total reserved 8171520K, committed 20480K, used 4488K [0x0000000346c00000, 0x0000000539800000)
  region size 4M, 0 eden (0M), 1 survivor (4M), 2 old (8M), 0 humongous (0M), 2 free (8M)
}
Event: 0.372 {heap Before GC invocations=4 (full 0):
 garbage-first heap   total reserved 8171520K, committed 20480K, used 8584K [0x0000000346c00000, 0x0000000539800000)
  region size 4M, 1 eden (4M), 1 survivor (4M), 2 old (8M), 0 humongous (0M), 1 free (4M)
}
Event: 0.374 {heap After GC invocations=5 (full 0):
 garbage-first heap   total reserved 8171520K, committed 20480K, used 4502K [0x0000000346c00000, 0x0000000539800000)
  region size 4M, 0 eden (0M), 1 survivor (4M), 1 old (4M), 0 humongous (0M), 3 free (12M)
}
Event: 0.428 {heap Before GC invocations=5 (full 0):
 garbage-first heap   total reserved 8171520K, committed 20480K, used 8598K [0x0000000346c00000, 0x0000000539800000)
  region size 4M, 1 eden (4M), 1 survivor (4M), 1 old (4M), 0 humongous (0M), 2 free (8M)
}
Event: 0.429 {heap After GC invocations=6 (full 0):
 garbage-first heap   total reserved 8171520K, committed 20480K, used 4673K [0x0000000346c00000, 0x0000000539800000)
  region size 4M, 0 eden (0M), 1 survivor (4M), 1 old (4M), 0 humongous (0M), 3 free (12M)
}

Metaspace Usage History (10 events):
Event: 0.054 {metaspace Before GC invocations=0 (full 0):
 Metaspace       used 702K, committed 896K, reserved 1114112K
  class space    used 30K, committed 128K, reserved 1048576K
}
Event: 0.055 {metaspace After GC invocations=1 (full 0):
 Metaspace       used 702K, committed 896K, reserved 1114112K
  class space    used 30K, committed 128K, reserved 1048576K
}
Event: 0.122 {metaspace Before GC invocations=1 (full 0):
 Metaspace       used 3435K, committed 3584K, reserved 1114112K
  class space    used 177K, committed 256K, reserved 1048576K
}
Event: 0.123 {metaspace After GC invocations=2 (full 0):
 Metaspace       used 3435K, committed 3584K, reserved 1114112K
  class space    used 177K, committed 256K, reserved 1048576K
}
Event: 0.295 {metaspace Before GC invocations=3 (full 0):
 Metaspace       used 5550K, committed 5696K, reserved 1114112K
  class space    used 305K, committed 384K, reserved 1048576K
}
Event: 0.296 {metaspace After GC invocations=4 (full 0):
 Metaspace       used 5550K, committed 5696K, reserved 1114112K
  class space    used 305K, committed 384K, reserved 1048576K
}
Event: 0.372 {metaspace Before GC invocations=4 (full 0):
 Metaspace       used 7711K, committed 7872K, reserved 1114112K
  class space    used 409K, committed 448K, reserved 1048576K
}
Event: 0.374 {metaspace After GC invocations=5 (full 0):
 Metaspace       used 7711K, committed 7872K, reserved 1114112K
  class space    used 409K, committed 448K, reserved 1048576K
}
Event: 0.428 {metaspace Before GC invocations=5 (full 0):
 Metaspace       used 8654K, committed 8896K, reserved 1114112K
  class space    used 516K, committed 640K, reserved 1048576K
}
Event: 0.429 {metaspace After GC invocations=6 (full 0):
 Metaspace       used 8654K, committed 8896K, reserved 1114112K
  class space    used 516K, committed 640K, reserved 1048576K
}

Dll operation events (20 events):
Event: 0.033 Attempting to load shared library C:\Users\Tommy\.jdks\openjdk-26.0.1\bin\instrument.dll
Event: 0.033 Loaded shared library C:\Users\Tommy\.jdks\openjdk-26.0.1\bin\instrument.dll
Event: 0.034 Attempting to load shared library C:\Users\Tommy\.jdks\openjdk-26.0.1\bin\net.dll
Event: 0.034 Loaded shared library C:\Users\Tommy\.jdks\openjdk-26.0.1\bin\net.dll
Event: 0.035 Attempting to load shared library C:\Users\Tommy\.jdks\openjdk-26.0.1\bin\nio.dll
Event: 0.035 Loaded shared library C:\Users\Tommy\.jdks\openjdk-26.0.1\bin\nio.dll
Event: 0.037 Attempting to load shared library C:\Users\Tommy\.jdks\openjdk-26.0.1\bin\zip.dll
Event: 0.037 Loaded shared library C:\Users\Tommy\.jdks\openjdk-26.0.1\bin\zip.dll
Event: 0.052 Attempting to load shared library C:\Users\Tommy\.jdks\openjdk-26.0.1\bin\verify.dll
Event: 0.052 Loaded shared library C:\Users\Tommy\.jdks\openjdk-26.0.1\bin\verify.dll
Event: 0.057 Attempting to load shared library C:\Users\Tommy\.jdks\openjdk-26.0.1\bin\extnet.dll
Event: 0.057 Loaded shared library C:\Users\Tommy\.jdks\openjdk-26.0.1\bin\extnet.dll
Event: 0.070 Attempting to load shared library C:\Users\Tommy\.jdks\openjdk-26.0.1\bin\jimage.dll
Event: 0.070 Loaded shared library C:\Users\Tommy\.jdks\openjdk-26.0.1\bin\jimage.dll
Event: 0.139 Attempting to load shared library C:\Users\Tommy\AppData\Local\Temp\lwjgl_Tommy\3.3.4+7\x64\lwjgl.dll
Event: 0.140 Loaded shared library C:\Users\Tommy\AppData\Local\Temp\lwjgl_Tommy\3.3.4+7\x64\lwjgl.dll
Event: 0.276 Attempting to load shared library C:\Users\Tommy\AppData\Local\Temp\lwjgl_Tommy\3.3.4+7\x64\lwjgl_opengl.dll
Event: 0.276 Loaded shared library C:\Users\Tommy\AppData\Local\Temp\lwjgl_Tommy\3.3.4+7\x64\lwjgl_opengl.dll
Event: 0.378 Attempting to load shared library C:\Users\Tommy\AppData\Local\Temp\lwjgl_Tommy\3.3.4+7\x64\lwjgl_stb.dll
Event: 0.379 Loaded shared library C:\Users\Tommy\AppData\Local\Temp\lwjgl_Tommy\3.3.4+7\x64\lwjgl_stb.dll

Deoptimization events (20 events):
Event: 0.150 Thread 0x000001d661715a20 DEOPT PACKING pc=0x000001d671f71474 sp=0x000000069dcfd7b0
Event: 0.150 Thread 0x000001d661715a20 DEOPT UNPACKING pc=0x000001d671943f82 sp=0x000000069dcfd6e0 mode 2
Event: 0.371 Thread 0x000001d661715a20 Uncommon trap: trap_request=0xffffff66 fr.pc=0x000001d671f9e66c relative=0x00000000000003ec
Event: 0.371 Thread 0x000001d661715a20 Uncommon trap: reason=loop_limit_check action=maybe_recompile pc=0x000001d671f9e66c method=java.lang.StringLatin1.indexOf([BI[BII)I @ 37 c2
Event: 0.371 Thread 0x000001d661715a20 DEOPT PACKING pc=0x000001d671f9e66c sp=0x000000069dcfee40
Event: 0.371 Thread 0x000001d661715a20 DEOPT UNPACKING pc=0x000001d671943f82 sp=0x000000069dcfeda0 mode 2
Event: 0.399 Thread 0x000001d661715a20 Uncommon trap: trap_request=0xffffff45 fr.pc=0x000001d671f7dcb4 relative=0x0000000000000334
Event: 0.399 Thread 0x000001d661715a20 Uncommon trap: reason=unstable_if action=reinterpret pc=0x000001d671f7dcb4 method=java.util.regex.Pattern$BmpCharPropertyGreedy.match(Ljava/util/regex/Matcher;ILjava/lang/CharSequence;)Z @ 12 c2
Event: 0.399 Thread 0x000001d661715a20 DEOPT PACKING pc=0x000001d671f7dcb4 sp=0x000000069dcfe0e0
Event: 0.399 Thread 0x000001d661715a20 DEOPT UNPACKING pc=0x000001d671943f82 sp=0x000000069dcfe098 mode 2
Event: 0.418 Thread 0x000001d661715a20 Uncommon trap: trap_request=0xffffffc6 fr.pc=0x000001d671fa7904 relative=0x0000000000000304
Event: 0.418 Thread 0x000001d661715a20 Uncommon trap: reason=bimorphic_or_optimized_type_check action=maybe_recompile pc=0x000001d671fa7904 method=java.util.HashMap.getNode(Ljava/lang/Object;)Ljava/util/HashMap$Node; @ 128 c2
Event: 0.418 Thread 0x000001d661715a20 DEOPT PACKING pc=0x000001d671fa7904 sp=0x000000069dcff080
Event: 0.418 Thread 0x000001d661715a20 DEOPT UNPACKING pc=0x000001d671943f82 sp=0x000000069dcfefe8 mode 2
Event: 0.426 Thread 0x000001d661715a20 DEOPT PACKING pc=0x000001d66a3f18a8 sp=0x000000069dcfe4f0
Event: 0.426 Thread 0x000001d661715a20 DEOPT UNPACKING pc=0x000001d6718615a2 sp=0x000000069dcfd960 mode 0
Event: 0.445 Thread 0x000001d661715a20 Uncommon trap: trap_request=0xffffff4c fr.pc=0x000001d671fab658 relative=0x0000000000000058
Event: 0.445 Thread 0x000001d661715a20 Uncommon trap: reason=speculate_null_assert action=make_not_entrant pc=0x000001d671fab658 method=sun.misc.Unsafe.getLong(Ljava/lang/Object;J)J @ 8 c2
Event: 0.445 Thread 0x000001d661715a20 DEOPT PACKING pc=0x000001d671fab658 sp=0x000000069dcff160
Event: 0.445 Thread 0x000001d661715a20 DEOPT UNPACKING pc=0x000001d671943f82 sp=0x000000069dcff0e8 mode 2

Classes loaded (20 events):
Event: 0.421 Loading class java/util/ConcurrentModificationException
Event: 0.421 Loading class java/util/ConcurrentModificationException done
Event: 0.441 Loading class java/util/Spliterator$OfInt
Event: 0.441 Loading class java/util/Spliterator$OfPrimitive
Event: 0.441 Loading class java/util/Spliterator$OfPrimitive done
Event: 0.441 Loading class java/util/Spliterator$OfInt done
Event: 0.441 Loading class java/util/function/IntUnaryOperator
Event: 0.441 Loading class java/util/function/IntUnaryOperator done
Event: 0.441 Loading class java/util/PrimitiveIterator$OfInt
Event: 0.441 Loading class java/util/PrimitiveIterator
Event: 0.441 Loading class java/util/PrimitiveIterator done
Event: 0.441 Loading class java/util/PrimitiveIterator$OfInt done
Event: 0.443 Loading class java/util/concurrent/RecursiveAction
Event: 0.443 Loading class java/util/concurrent/RecursiveAction done
Event: 0.467 Loading class java/util/concurrent/ThreadPoolExecutor$Worker
Event: 0.468 Loading class java/util/concurrent/ThreadPoolExecutor$Worker done
Event: 0.474 Loading class java/util/Spliterator$OfDouble
Event: 0.474 Loading class java/util/Spliterator$OfDouble done
Event: 0.475 Loading class java/nio/HeapFloatBuffer
Event: 0.476 Loading class java/nio/HeapFloatBuffer done

Classes unloaded (0 events):
No events

Classes redefined (0 events):
No events

Internal exceptions (20 events):
Event: 0.162 Thread 0x000001d661715a20 Exception <a 'java/lang/NoSuchMethodError'{0x00000003471fbb88}: 'int java.lang.invoke.DirectMethodHandle$Holder.invokeStaticInit(java.lang.Object, java.lang.Object, int, long)'> (0x00000003471fbb88) 
thrown [s\open\src\hotspot\share\interpreter\linkResolver.cpp, line 804]
Event: 0.162 Thread 0x000001d661715a20 Exception <a 'java/lang/NoSuchMethodError'{0x000000034720ac90}: 'java.lang.Object java.lang.invoke.DirectMethodHandle$Holder.newInvokeSpecial(java.lang.Object, java.lang.Object, int)'> (0x000000034720ac90) 
thrown [s\open\src\hotspot\share\interpreter\linkResolver.cpp, line 804]
Event: 0.163 Thread 0x000001d661715a20 Exception <a 'java/lang/NoSuchMethodError'{0x00000003472216e0}: 'int java.lang.invoke.DirectMethodHandle$Holder.invokeStaticInit(java.lang.Object, java.lang.Object, long, long)'> (0x00000003472216e0) 
thrown [s\open\src\hotspot\share\interpreter\linkResolver.cpp, line 804]
Event: 0.163 Thread 0x000001d661715a20 Exception <a 'java/lang/NoSuchMethodError'{0x00000003472310f0}: 'java.lang.Object java.lang.invoke.DirectMethodHandle$Holder.newInvokeSpecial(java.lang.Object, java.lang.Object, long)'> (0x00000003472310f0) 
thrown [s\open\src\hotspot\share\interpreter\linkResolver.cpp, line 804]
Event: 0.164 Thread 0x000001d661715a20 Exception <a 'java/lang/NoSuchMethodError'{0x0000000347239e60}: 'java.lang.Object java.lang.invoke.Invokers$Holder.linkToTargetMethod(java.lang.Object, long, java.lang.Object)'> (0x0000000347239e60) 
thrown [s\open\src\hotspot\share\interpreter\linkResolver.cpp, line 804]
Event: 0.164 Thread 0x000001d661715a20 Exception <a 'java/lang/NoSuchMethodError'{0x000000034724a748}: 'int java.lang.invoke.DirectMethodHandle$Holder.invokeStaticInit(java.lang.Object, java.lang.Object, java.lang.Object, long)'> (0x000000034724a748) 
thrown [s\open\src\hotspot\share\interpreter\linkResolver.cpp, line 804]
Event: 0.273 Thread 0x000001d661715a20 Exception <a 'java/lang/NoSuchMethodError'{0x00000003472d04f0}: 'void java.lang.System.load(java.lang.String, java.lang.Class)'> (0x00000003472d04f0) 
thrown [s\open\src\hotspot\share\interpreter\linkResolver.cpp, line 804]
Event: 0.273 Thread 0x000001d661715a20 Exception <a 'java/lang/NoSuchMethodError'{0x00000003472d82d0}: 'void java.lang.System.loadLibrary(java.lang.String, java.lang.Class)'> (0x00000003472d82d0) 
thrown [s\open\src\hotspot\share\interpreter\linkResolver.cpp, line 804]
Event: 0.275 Thread 0x000001d661715a20 Exception <a 'sun/nio/fs/WindowsException'{0x00000003472ec948}> (0x00000003472ec948) 
thrown [s\open\src\hotspot\share\prims\jni.cpp, line 514]
Event: 0.275 Thread 0x000001d661715a20 Exception <a 'sun/nio/fs/WindowsException'{0x00000003472ecce8}> (0x00000003472ecce8) 
thrown [s\open\src\hotspot\share\prims\jni.cpp, line 514]
Event: 0.278 Thread 0x000001d661715a20 Exception <a 'sun/nio/fs/WindowsException'{0x00000003472f6560}> (0x00000003472f6560) 
thrown [s\open\src\hotspot\share\prims\jni.cpp, line 514]
Event: 0.278 Thread 0x000001d661715a20 Exception <a 'sun/nio/fs/WindowsException'{0x00000003472f6830}> (0x00000003472f6830) 
thrown [s\open\src\hotspot\share\prims\jni.cpp, line 514]
Event: 0.363 Thread 0x000001d661715a20 Exception <a 'java/lang/NoSuchMethodError'{0x0000000347695358}: 'void java.lang.invoke.DirectMethodHandle$Holder.invokeVirtual(java.lang.Object, java.lang.Object)'> (0x0000000347695358) 
thrown [s\open\src\hotspot\share\interpreter\linkResolver.cpp, line 804]
Event: 0.365 Thread 0x000001d661715a20 Exception <a 'java/lang/NoSuchMethodError'{0x00000003476dd558}: 'void java.lang.invoke.DirectMethodHandle$Holder.invokeInterface(java.lang.Object, java.lang.Object, java.lang.Object)'> (0x00000003476dd558) 
thrown [s\open\src\hotspot\share\interpreter\linkResolver.cpp, line 804]
Event: 0.372 Thread 0x000001d661715a20 Exception <a 'java/lang/NoSuchMethodError'{0x00000003477f9328}: 'void java.lang.System.load(java.lang.String, java.lang.Class)'> (0x00000003477f9328) 
thrown [s\open\src\hotspot\share\interpreter\linkResolver.cpp, line 804]
Event: 0.375 Thread 0x000001d661715a20 Exception <a 'java/lang/NoSuchMethodError'{0x0000000539401400}: 'void java.lang.System.loadLibrary(java.lang.String, java.lang.Class)'> (0x0000000539401400) 
thrown [s\open\src\hotspot\share\interpreter\linkResolver.cpp, line 804]
Event: 0.378 Thread 0x000001d661715a20 Exception <a 'sun/nio/fs/WindowsException'{0x0000000539413780}> (0x0000000539413780) 
thrown [s\open\src\hotspot\share\prims\jni.cpp, line 514]
Event: 0.378 Thread 0x000001d661715a20 Exception <a 'sun/nio/fs/WindowsException'{0x0000000539413b00}> (0x0000000539413b00) 
thrown [s\open\src\hotspot\share\prims\jni.cpp, line 514]
Event: 0.463 Thread 0x000001d661715a20 Exception <a 'java/lang/NoSuchMethodError'{0x000000053963ea20}: 'java.lang.Object java.lang.invoke.DirectMethodHandle$Holder.newInvokeSpecial(java.lang.Object, java.lang.Object, java.lang.Object, java.lang.Object, java.lang.Object)'> (0x000000053963ea20) 
thrown [s\open\src\hotspot\share\interpreter\linkResolver.cpp, line 804]
Event: 0.467 Thread 0x000001d661715a20 Exception <a 'java/lang/NoSuchMethodError'{0x00000005396784b8}: 'java.lang.Object java.lang.invoke.DirectMethodHandle$Holder.newInvokeSpecial(java.lang.Object, java.lang.Object, java.lang.Object, int, int)'> (0x00000005396784b8) 
thrown [s\open\src\hotspot\share\interpreter\linkResolver.cpp, line 804]

VM Operations (20 events):
Event: 0.026 Executing non-safepoint VM operation: HandshakeAllThreads (Deoptimize)
Event: 0.026 Executing non-safepoint VM operation: HandshakeAllThreads (Deoptimize) done
Event: 0.054 Executing safepoint VM operation: G1CollectForAllocation (G1 Evacuation Pause)
Event: 0.055 Executing safepoint VM operation: G1CollectForAllocation (G1 Evacuation Pause) done
Event: 0.072 Executing non-safepoint VM operation: HandshakeAllThreads (Deoptimize)
Event: 0.072 Executing non-safepoint VM operation: HandshakeAllThreads (Deoptimize) done
Event: 0.122 Executing safepoint VM operation: G1CollectForAllocation (G1 Evacuation Pause)
Event: 0.123 Executing safepoint VM operation: G1CollectForAllocation (G1 Evacuation Pause) done
Event: 0.125 Executing safepoint VM operation: G1PauseRemark
Event: 0.125 Executing safepoint VM operation: G1PauseRemark done
Event: 0.125 Executing safepoint VM operation: G1PauseCleanup
Event: 0.125 Executing safepoint VM operation: G1PauseCleanup done
Event: 0.136 Executing non-safepoint VM operation: HandshakeAllThreads (Deoptimize)
Event: 0.136 Executing non-safepoint VM operation: HandshakeAllThreads (Deoptimize) done
Event: 0.295 Executing safepoint VM operation: G1CollectForAllocation (G1 Evacuation Pause)
Event: 0.296 Executing safepoint VM operation: G1CollectForAllocation (G1 Evacuation Pause) done
Event: 0.372 Executing safepoint VM operation: G1CollectForAllocation (G1 Evacuation Pause)
Event: 0.374 Executing safepoint VM operation: G1CollectForAllocation (G1 Evacuation Pause) done
Event: 0.428 Executing safepoint VM operation: G1CollectForAllocation (G1 Evacuation Pause)
Event: 0.429 Executing safepoint VM operation: G1CollectForAllocation (G1 Evacuation Pause) done

Memory protections (0 events):
No events

Nmethod flushes (0 events):
No events

Events (20 events):
Event: 0.015 Thread 0x000001d661715a20 Thread added: 0x000001d67f657c60
Event: 0.015 Thread 0x000001d661715a20 Thread added: 0x000001d67f6597d0
Event: 0.015 Thread 0x000001d661715a20 Thread added: 0x000001d67f65a5e0
Event: 0.015 Thread 0x000001d661715a20 Thread added: 0x000001d67f65d540
Event: 0.015 Thread 0x000001d661715a20 Thread added: 0x000001d67f65e0f0
Event: 0.015 Thread 0x000001d661715a20 Thread added: 0x000001d67f66ea10
Event: 0.015 Thread 0x000001d661715a20 Thread added: 0x000001d67f678250
Event: 0.026 Thread 0x000001d67f678250 Thread added: 0x000001d60c0b84a0
Event: 0.027 Thread 0x000001d67f678250 Thread added: 0x000001d60c0d6b60
Event: 0.029 Thread 0x000001d67f678250 Thread added: 0x000001d60c0fc660
Event: 0.033 Thread 0x000001d661715a20 Thread added: 0x000001d60c18e170
Event: 0.050 Thread 0x000001d661715a20 Thread added: 0x000001d60c256f60
Event: 0.050 Thread 0x000001d661715a20 Thread added: 0x000001d60c257710
Event: 0.161 Thread 0x000001d661715a20 Thread added: 0x000001d60c364b60
Event: 0.272 Thread 0x000001d60c0fc660 Thread exited: 0x000001d60c0fc660
Event: 0.384 Thread 0x000001d67f678250 Thread added: 0x000001d60c8b4170
Event: 0.468 Thread 0x000001d661715a20 Thread added: 0x000001d61f9af880
Event: 0.468 Thread 0x000001d661715a20 Thread added: 0x000001d61f9b0620
Event: 0.468 Thread 0x000001d661715a20 Thread added: 0x000001d61f9b51f0
Event: 0.469 Thread 0x000001d60c0b84a0 Thread added: 0x000001d60c8b71d0


Dynamic libraries:
0x00007ff761790000 - 0x00007ff76179e000 	C:\Users\Tommy\.jdks\openjdk-26.0.1\bin\java.exe
0x00007ff855e00000 - 0x00007ff856066000 	C:\WINDOWS\SYSTEM32\ntdll.dll
0x00007ff854c10000 - 0x00007ff854cd9000 	C:\WINDOWS\System32\KERNEL32.DLL
0x00007ff853010000 - 0x00007ff85340f000 	C:\WINDOWS\System32\KERNELBASE.dll
0x00007ff8539d0000 - 0x00007ff853b1c000 	C:\WINDOWS\System32\ucrtbase.dll
0x00007ff84ddf0000 - 0x00007ff84de07000 	C:\Users\Tommy\.jdks\openjdk-26.0.1\bin\jli.dll
0x00007ff84dd50000 - 0x00007ff84dd6e000 	C:\Users\Tommy\.jdks\openjdk-26.0.1\bin\VCRUNTIME140.dll
0x00007ff855890000 - 0x00007ff855a56000 	C:\WINDOWS\System32\USER32.dll
0x00007ff8539a0000 - 0x00007ff8539c7000 	C:\WINDOWS\System32\win32u.dll
0x00007ff855bb0000 - 0x00007ff855bdb000 	C:\WINDOWS\System32\GDI32.dll
0x00007ff82c210000 - 0x00007ff82c4a1000 	C:\WINDOWS\WinSxS\amd64_microsoft.windows.common-controls_6595b64144ccf1df_6.0.26100.8972_none_3e0da176e32f9d4b\COMCTL32.dll
0x00007ff853870000 - 0x00007ff853999000 	C:\WINDOWS\System32\gdi32full.dll
0x00007ff854ce0000 - 0x00007ff854d89000 	C:\WINDOWS\System32\msvcrt.dll
0x00007ff8534b0000 - 0x00007ff853553000 	C:\WINDOWS\System32\msvcp_win.dll
0x00007ff854b20000 - 0x00007ff854b52000 	C:\WINDOWS\System32\IMM32.DLL
0x00007ff84dc20000 - 0x00007ff84dc2c000 	C:\Users\Tommy\.jdks\openjdk-26.0.1\bin\vcruntime140_1.dll
0x00007ff83df90000 - 0x00007ff83e01d000 	C:\Users\Tommy\.jdks\openjdk-26.0.1\bin\msvcp140.dll
0x00007fffe0300000 - 0x00007fffe11ce000 	C:\Users\Tommy\.jdks\openjdk-26.0.1\bin\server\jvm.dll
0x00007ff854850000 - 0x00007ff85490c000 	C:\WINDOWS\System32\ADVAPI32.dll
0x00007ff854b60000 - 0x00007ff854c0a000 	C:\WINDOWS\System32\sechost.dll
0x00007ff853ec0000 - 0x00007ff853fd8000 	C:\WINDOWS\System32\RPCRT4.dll
0x00007ff855420000 - 0x00007ff8554a2000 	C:\WINDOWS\System32\WS2_32.dll
0x00007ff852cb0000 - 0x00007ff852d0e000 	C:\WINDOWS\SYSTEM32\POWRPROF.dll
0x00007ff84b810000 - 0x00007ff84b81b000 	C:\WINDOWS\SYSTEM32\VERSION.dll
0x00007ff844360000 - 0x00007ff844396000 	C:\WINDOWS\SYSTEM32\WINMM.dll
0x00007ff852c90000 - 0x00007ff852ca5000 	C:\WINDOWS\SYSTEM32\UMPDC.dll
0x00007ff851ce0000 - 0x00007ff851cfb000 	C:\WINDOWS\SYSTEM32\kernel.appcore.dll
0x00007ff84dc10000 - 0x00007ff84dc1a000 	C:\Users\Tommy\.jdks\openjdk-26.0.1\bin\jimage.dll
0x00007ff8497d0000 - 0x00007ff849a12000 	C:\WINDOWS\SYSTEM32\DBGHELP.DLL
0x00007ff8554b0000 - 0x00007ff855835000 	C:\WINDOWS\System32\combase.dll
0x00007ff853bd0000 - 0x00007ff853ca9000 	C:\WINDOWS\System32\OLEAUT32.dll
0x00007ff83a530000 - 0x00007ff83a56b000 	C:\WINDOWS\SYSTEM32\dbgcore.DLL
0x00007ff8537b0000 - 0x00007ff85385c000 	C:\WINDOWS\System32\bcryptPrimitives.dll
0x00007ff840050000 - 0x00007ff840060000 	C:\Users\Tommy\.jdks\openjdk-26.0.1\bin\instrument.dll
0x00007ff84bb40000 - 0x00007ff84bb5f000 	C:\Users\Tommy\.jdks\openjdk-26.0.1\bin\java.dll
0x00007ff855280000 - 0x00007ff855419000 	C:\WINDOWS\System32\ole32.dll
0x00007ff854040000 - 0x00007ff8547c8000 	C:\WINDOWS\System32\SHELL32.dll
0x00007ff850aa0000 - 0x00007ff85133b000 	C:\WINDOWS\SYSTEM32\windows.storage.dll
0x00007ff854920000 - 0x00007ff854a19000 	C:\WINDOWS\System32\SHCORE.dll
0x00007ff853b30000 - 0x00007ff853b96000 	C:\WINDOWS\System32\shlwapi.dll
0x00007ff852f30000 - 0x00007ff852f59000 	C:\WINDOWS\SYSTEM32\profapi.dll
0x00007ff83eaf0000 - 0x00007ff83eb07000 	C:\Users\Tommy\.jdks\openjdk-26.0.1\bin\zip.dll
0x00007ff83ec80000 - 0x00007ff83ec92000 	C:\Users\Tommy\.jdks\openjdk-26.0.1\bin\net.dll
0x00007ff8522b0000 - 0x00007ff85231c000 	C:\WINDOWS\system32\mswsock.dll
0x00007ff83ec60000 - 0x00007ff83ec76000 	C:\Users\Tommy\.jdks\openjdk-26.0.1\bin\nio.dll
0x00007ff840040000 - 0x00007ff840050000 	C:\Users\Tommy\.jdks\openjdk-26.0.1\bin\verify.dll
0x00007ff83eae0000 - 0x00007ff83eae9000 	C:\Users\Tommy\.jdks\openjdk-26.0.1\bin\extnet.dll
0x00007fffa5000000 - 0x00007fffa507b000 	C:\Users\Tommy\AppData\Local\Temp\lwjgl_Tommy\3.3.4+7\x64\lwjgl.dll
0x00007fffa4f70000 - 0x00007fffa4ff5000 	C:\Users\Tommy\AppData\Local\Temp\lwjgl_Tommy\3.3.4+7\x64\glfw.dll
0x00007ff804300000 - 0x00007ff80434b000 	C:\WINDOWS\SYSTEM32\dinput8.dll
0x00007ff83c580000 - 0x00007ff83c59b000 	C:\WINDOWS\SYSTEM32\xinput1_4.dll
0x00007ff852be0000 - 0x00007ff852c32000 	C:\WINDOWS\SYSTEM32\cfgmgr32.dll
0x00007ff852ba0000 - 0x00007ff852bcf000 	C:\WINDOWS\SYSTEM32\DEVOBJ.dll
0x00007ff8503d0000 - 0x00007ff8503ff000 	C:\WINDOWS\SYSTEM32\dwmapi.dll
0x00007ff83d190000 - 0x00007ff83d373000 	C:\WINDOWS\SYSTEM32\inputhost.dll
0x00007ff84fc10000 - 0x00007ff84fd3b000 	C:\WINDOWS\SYSTEM32\CoreMessaging.dll
0x00007ff850140000 - 0x00007ff8501e8000 	C:\WINDOWS\system32\uxtheme.dll
0x00007ff853d50000 - 0x00007ff853ead000 	C:\WINDOWS\System32\MSCTF.dll
0x00007ff8525c0000 - 0x00007ff8525cc000 	C:\WINDOWS\SYSTEM32\CRYPTBASE.DLL
0x00007ff833300000 - 0x00007ff83340c000 	C:\WINDOWS\SYSTEM32\opengl32.dll
0x00007ff834d70000 - 0x00007ff834d9d000 	C:\WINDOWS\SYSTEM32\GLU32.dll
0x00007ff850220000 - 0x00007ff850265000 	C:\WINDOWS\SYSTEM32\dxcore.dll
0x00007ff83dc10000 - 0x00007ff83dc2f000 	C:\WINDOWS\SYSTEM32\windows.staterepositorycore.dll
0x00007ff834d40000 - 0x00007ff834d6b000 	C:\WINDOWS\System32\DriverStore\FileRepository\u0202643.inf_amd64_8835e06f359414be\B026283\atig6pxx.dll
0x00007fffb9cd0000 - 0x00007fffbdbe7000 	C:\WINDOWS\System32\DriverStore\FileRepository\amdogl.inf_amd64_00269a9ad4aab4f6\atio6axx.dll
0x00007ff854df0000 - 0x00007ff855277000 	C:\WINDOWS\System32\SETUPAPI.dll
0x00007ff853420000 - 0x00007ff8534a3000 	C:\WINDOWS\System32\WINTRUST.dll
0x00007ff853560000 - 0x00007ff8536de000 	C:\WINDOWS\System32\CRYPT32.dll
0x00007ff852620000 - 0x00007ff852633000 	C:\WINDOWS\SYSTEM32\MSASN1.dll
0x00007ff852f00000 - 0x00007ff852f2a000 	C:\WINDOWS\SYSTEM32\BCrypt.dll
0x00007ff83d000000 - 0x00007ff83d03e000 	C:\WINDOWS\System32\DriverStore\FileRepository\u0202643.inf_amd64_8835e06f359414be\B026283\amdihk64.dll
0x00007fffdc770000 - 0x00007fffdc7d1000 	C:\Users\Tommy\AppData\Local\Temp\lwjgl_Tommy\3.3.4+7\x64\lwjgl_opengl.dll
0x00007ff831b30000 - 0x00007ff831c76000 	C:\WINDOWS\SYSTEM32\textinputframework.dll
0x00007ff84c180000 - 0x00007ff84c464000 	C:\WINDOWS\SYSTEM32\CoreUIComponents.dll
0x00007ff84cd40000 - 0x00007ff84ceaa000 	C:\WINDOWS\SYSTEM32\wintypes.dll
0x00007fffa4ed0000 - 0x00007fffa4f70000 	C:\Users\Tommy\AppData\Local\Temp\lwjgl_Tommy\3.3.4+7\x64\lwjgl_stb.dll

JVMTI agents:
C:\Program Files\JetBrains\IntelliJ IDEA 2026.1.4\lib\idea_rt.jar path:C:\Users\Tommy\.jdks\openjdk-26.0.1\bin\instrument.dll, loaded, initialized, instrumentlib options:56438

dbghelp: loaded successfully - version: 4.0.5 - missing functions: none
symbol engine: initialized successfully - sym options: 0x614 - pdb path: .;C:\Users\Tommy\.jdks\openjdk-26.0.1\bin;C:\WINDOWS\SYSTEM32;C:\WINDOWS\WinSxS\amd64_microsoft.windows.common-controls_6595b64144ccf1df_6.0.26100.8972_none_3e0da176e32f9d4b;C:\Users\Tommy\.jdks\openjdk-26.0.1\bin\server;C:\Users\Tommy\AppData\Local\Temp\lwjgl_Tommy\3.3.4+7\x64;C:\WINDOWS\System32\DriverStore\FileRepository\u0202643.inf_amd64_8835e06f359414be\B026283;C:\WINDOWS\System32\DriverStore\FileRepository\amdogl.inf_amd64_00269a9ad4aab4f6

VM Arguments:
jvm_args: -javaagent:C:\Program Files\JetBrains\IntelliJ IDEA 2026.1.4\lib\idea_rt.jar=56438 -Dfile.encoding=UTF-8 -Dsun.stdout.encoding=UTF-8 -Dsun.stderr.encoding=UTF-8 
java_command: com.szymc.voxel_engine.App
java_class_path (initial): C:\Users\Tommy\IdeaProjects\voxel-engine\target\classes;C:\Users\Tommy\.m2\repository\org\lwjgl\lwjgl\3.3.4\lwjgl-3.3.4.jar;C:\Users\Tommy\.m2\repository\org\lwjgl\lwjgl\3.3.4\lwjgl-3.3.4-natives-windows.jar;C:\Users\Tommy\.m2\repository\org\lwjgl\lwjgl-glfw\3.3.4\lwjgl-glfw-3.3.4.jar;C:\Users\Tommy\.m2\repository\org\lwjgl\lwjgl-glfw\3.3.4\lwjgl-glfw-3.3.4-natives-windows.jar;C:\Users\Tommy\.m2\repository\org\lwjgl\lwjgl-opengl\3.3.4\lwjgl-opengl-3.3.4.jar;C:\Users\Tommy\.m2\repository\org\lwjgl\lwjgl-opengl\3.3.4\lwjgl-opengl-3.3.4-natives-windows.jar;C:\Users\Tommy\.m2\repository\org\joml\joml\1.10.5\joml-1.10.5.jar;C:\Users\Tommy\.m2\repository\org\lwjgl\lwjgl-stb\3.3.4\lwjgl-stb-3.3.4.jar;C:\Users\Tommy\.m2\repository\org\lwjgl\lwjgl-stb\3.3.4\lwjgl-stb-3.3.4-natives-windows.jar;C:\Users\Tommy\.m2\repository\it\unimi\dsi\fastutil\8.5.18\fastutil-8.5.18.jar;C:\Users\Tommy\.m2\repository\com\google\code\gson\gson\2.11.0\gson-2.11.0.jar;C:\Users\Tommy\.m2\repository\com\google\errorprone\error_prone_annotations\2.27.0\error_prone_annotations-2.27.0.jar
Launcher Type: SUN_STANDARD

[Global flags]
     bool AOTAdapterCaching                        = false                                  {diagnostic} {ergonomic}
     bool AOTInvokeDynamicLinking                  = false                                  {diagnostic} {ergonomic}
     bool AOTRecordTraining                        = false                                  {diagnostic} {ergonomic}
     bool AOTReplayTraining                        = false                                  {diagnostic} {ergonomic}
     bool AOTStubCaching                           = false                                  {diagnostic} {ergonomic}
     intx CICompilerCount                          = 12                                        {product} {ergonomic}
     uint ConcGCThreads                            = 3                                         {product} {ergonomic}
     uint G1ConcRefinementThreads                  = 13                                        {product} {ergonomic}
     uint G1EagerReclaimRemSetThreshold            = 32                                   {experimental} {ergonomic}
   size_t G1HeapRegionSize                         = 4194304                                   {product} {ergonomic}
     uint G1RemSetArrayOfCardsEntries              = 32                                   {experimental} {ergonomic}
     uint G1RemSetHowlMaxNumBuckets                = 8                                    {experimental} {ergonomic}
     uint G1RemSetHowlNumBuckets                   = 8                                    {experimental} {ergonomic}
   size_t InitialHeapSize                          = 8388608                                   {product} {ergonomic}
     bool IntelJccErratumMitigation                = false                             {ARCH diagnostic} {ergonomic}
   size_t MarkStackSize                            = 4194304                                   {product} {ergonomic}
   size_t MarkStackSizeMax                         = 536870912                                 {product} {ergonomic}
   size_t MaxHeapSize                              = 8367636480                                {product} {ergonomic}
   size_t MaxNewSize                               = 5020581888                                {product} {ergonomic}
 uint64_t MaxRAM                                   = 33463398400                               {product} {ergonomic}
   size_t MinHeapDeltaBytes                        = 4194304                                   {product} {ergonomic}
   size_t MinHeapSize                              = 8388608                                   {product} {ergonomic}
   size_t NonNMethodCodeHeapSize                   = 7667712                                {pd product} {ergonomic}
   size_t NonProfiledCodeHeapSize                  = 122028032                              {pd product} {ergonomic}
   size_t ProfiledCodeHeapSize                     = 122028032                              {pd product} {ergonomic}
   size_t ReservedCodeCacheSize                    = 251723776                              {pd product} {ergonomic}
     bool SegmentedCodeCache                       = true                                      {product} {ergonomic}
   size_t SoftMaxHeapSize                          = 8367636480                             {manageable} {ergonomic}
     bool UseCompressedOops                        = true                           {product lp64_product} {ergonomic}
     bool UseCondCardMark                          = true                                      {product} {ergonomic}
     bool UseFastUnorderedTimeStamps               = true                                 {experimental} {ergonomic}
     bool UseG1GC                                  = true                                      {product} {ergonomic}
     bool UseLargePagesIndividualAllocation        = false                                  {pd product} {ergonomic}
      int X86ICacheSync                            = 3                                 {ARCH diagnostic} {ergonomic}

Logging:
Log output configuration:
 #0: stdout all=warning uptime,level,tags foldmultilines=false
 #1: stderr all=off uptime,level,tags foldmultilines=false

Release file:
IMPLEMENTOR="Oracle Corporation" 
JAVA_RUNTIME_VERSION="26.0.1+8-34" 
JAVA_VERSION="26.0.1" 
JAVA_VERSION_DATE="2026-04-21" 
LIBC="default" 
MODULES="java.base java.compiler java.datatransfer java.xml java.prefs java.desktop java.instrument java.logging java.management java.security.sasl java.naming java.rmi java.management.rmi java.net.http java.scripting java.security.jgss java.transaction.xa java.sql java.sql.rowset java.xml.crypto java.se java.smartcardio jdk.accessibility jdk.internal.jvmstat jdk.attach jdk.charsets jdk.internal.opt jdk.zipfs jdk.compiler jdk.crypto.cryptoki jdk.crypto.ec jdk.crypto.mscapi jdk.dynalink jdk.internal.ed jdk.editpad jdk.internal.vm.ci jdk.graal.compiler jdk.graal.compiler.management jdk.hotspot.agent jdk.httpserver jdk.incubator.vector jdk.internal.le jdk.internal.md jdk.jartool jdk.javadoc jdk.jcmd jdk.management jdk.management.agent jdk.jconsole jdk.jdeps jdk.jdwp.agent jdk.jdi jdk.jfr jdk.jlink jdk.jpackage jdk.jshell jdk.jstatd jdk.localedata jdk.management.jfr jdk.naming.dns jdk.naming.rmi jdk.net jdk.nio.mapmode jdk.sctp jdk.security.auth jdk.security.jgss jdk.unsupported jdk.unsupported.desktop jdk.xml.dom" 
OS_ARCH="x86_64" 
OS_NAME="Windows" 
SOURCE=".:git:fcc00fc4aee7" 

Environment Variables:
PATH=C:\WINDOWS\system32;C:\WINDOWS;C:\WINDOWS\System32\Wbem;C:\WINDOWS\System32\WindowsPowerShell\v1.0\;C:\WINDOWS\System32\OpenSSH\;C:\Program Files\dotnet\;C:\Program Files\Git\cmd;C:\Users\Tommy\AppData\Local\Microsoft\WindowsApps;C:\Program Files\JetBrains\IntelliJ IDEA 2026.1.4\bin
USERNAME=Tommy
OS=Windows_NT
PROCESSOR_IDENTIFIER=AMD64 Family 25 Model 97 Stepping 2, AuthenticAMD
TMP=C:\Users\Tommy\AppData\Local\Temp
TEMP=C:\Users\Tommy\AppData\Local\Temp




Compilation memory statistics disabled.

Periodic native trim disabled

---------------  S Y S T E M  ---------------

OS:
 Windows 11 , 64 bit Build 26100 (10.0.26100.9168)
OS uptime: 1 days 7:51 hours
Hyper-V role detected

CPU: total 16 (initial active 16) (8 cores per cpu, 2 threads per core) family 25 model 97 stepping 2 microcode 0xa60120c, cx8, cmov, fxsr, ht, mmx, 3dnowpref, sse, sse2, sse3, ssse3, sse4a, sse4.1, sse4.2, popcnt, lzcnt, tsc, tscinvbit, avx, avx2, aes, erms, clmul, bmi1, bmi2, adx, avx512f, avx512dq, avx512cd, avx512bw, avx512vl, sha, fma, vzeroupper, avx512_vpopcntdq, avx512_vpclmulqdq, avx512_vaes, avx512_vnni, clflush, clflushopt, clwb, avx512_vbmi2, avx512_vbmi, hv, rdtscp, rdpid, fsrm, gfni, avx512_bitalg, f16c, cet_ss, avx512_ifma
Processor Information for the first 16 processors :
  Max Mhz: 4201, Current Mhz: 4201, Mhz Limit: 4201

Memory: 4k page, system-wide physical 31913M (17304M free)
TotalPageFile size 37801M (AvailPageFile size 19008M)
current process WorkingSet (physical memory assigned to process): 182M, peak: 183M
current process commit charge ("private bytes"): 495M, peak: 501M

vm_info: OpenJDK 64-Bit Server VM (26.0.1+8-34) for windows-amd64 JRE (26.0.1+8-34), built on 2026-03-10T17:24:10Z with MS VC++ 17.13 (VS2022)

END.
